2026-07-01 23:27:02 | n6_b2p2 | samples=    100,096 | speed=     0 sps | loss=0.197967 | val=0.167800 | lr=2.80e-04
2026-07-01 23:28:08 | n6_b2p2 | samples=    200,192 | speed= 1,519 sps | loss=0.164305 | val=0.163462 | lr=4.60e-04
2026-07-01 23:29:22 | n6_b2p2 | samples=    300,288 | speed= 1,361 sps | loss=0.160594 | val=0.159965 | lr=6.40e-04
2026-07-01 23:30:28 | n6_b2p2 | samples=    400,384 | speed= 1,507 sps | loss=0.156407 | val=0.154922 | lr=8.21e-04
2026-07-01 23:31:35 | n6_b2p2 | samples=    500,480 | speed= 1,499 sps | loss=0.149653 | val=0.146974 | lr=1.01e-03
2026-07-01 23:32:42 | n6_b2p2 | samples=    600,576 | speed= 1,499 sps | loss=0.142416 | val=0.139726 | lr=1.31e-03
2026-07-01 23:33:56 | n6_b2p2 | samples=    700,672 | speed= 1,348 sps | loss=0.134625 | val=0.132159 | lr=1.68e-03
2026-07-01 23:35:03 | n6_b2p2 | samples=    800,768 | speed= 1,500 sps | loss=0.127177 | val=0.125455 | lr=2.05e-03
2026-07-01 23:36:12 | n6_b2p2 | samples=    900,864 | speed= 1,438 sps | loss=0.121818 | val=0.121373 | lr=2.45e-03
2026-07-01 23:37:20 | n6_b2p2 | samples=  1,000,960 | speed= 1,487 sps | loss=0.118019 | val=0.116480 | lr=2.81e-03
2026-07-01 23:38:27 | n6_b2p2 | samples=  1,101,056 | speed= 1,488 sps | loss=0.114167 | val=0.114082 | lr=3.11e-03
2026-07-01 23:39:34 | n6_b2p2 | samples=  1,201,152 | speed= 1,483 sps | loss=0.112102 | val=0.111743 | lr=3.37e-03
2026-07-01 23:40:42 | n6_b2p2 | samples=  1,301,248 | speed= 1,480 sps | loss=0.110012 | val=0.110053 | lr=3.61e-03
2026-07-01 23:41:50 | n6_b2p2 | samples=  1,401,344 | speed= 1,480 sps | loss=0.108171 | val=0.109969 | lr=3.87e-03
2026-07-01 23:43:02 | n6_b2p2 | samples=  1,501,440 | speed= 1,389 sps | loss=0.106928 | val=0.108590 | lr=4.15e-03
2026-07-01 23:44:09 | n6_b2p2 | samples=  1,601,536 | speed= 1,487 sps | loss=0.105619 | val=0.106668 | lr=4.32e-03
2026-07-01 23:45:16 | n6_b2p2 | samples=  1,701,632 | speed= 1,484 sps | loss=0.104221 | val=0.105632 | lr=4.49e-03
2026-07-01 23:46:24 | n6_b2p2 | samples=  1,801,728 | speed= 1,477 sps | loss=0.102917 | val=0.104363 | lr=4.63e-03
2026-07-01 23:47:32 | n6_b2p2 | samples=  1,901,824 | speed= 1,483 sps | loss=0.102000 | val=0.103550 | lr=4.87e-03
2026-07-01 23:48:32 | n6_b2p2 | samples=  2,001,920 | speed= 1,671 sps | loss=0.101138 | val=0.103995 | lr=5.06e-03
2026-07-01 23:49:32 | n6_b2p2 | samples=  2,102,016 | speed= 1,661 sps | loss=0.100331 | val=0.103814 | lr=5.32e-03
2026-07-01 23:50:32 | n6_b2p2 | samples=  2,202,112 | speed= 1,657 sps | loss=0.099402 | val=0.104873 | lr=5.54e-03
2026-07-01 23:51:42 | n6_b2p2 | samples=  2,302,208 | speed= 1,436 sps | loss=0.098488 | val=0.102300 | lr=5.76e-03
2026-07-01 23:52:42 | n6_b2p2 | samples=  2,402,304 | speed= 1,666 sps | loss=0.097333 | val=0.103967 | lr=5.94e-03
2026-07-01 23:53:50 | n6_b2p2 | samples=  2,502,400 | speed= 1,473 sps | loss=0.096979 | val=0.100778 | lr=6.30e-03
2026-07-01 23:54:50 | n6_b2p2 | samples=  2,602,496 | speed= 1,664 sps | loss=0.096315 | val=0.101153 | lr=6.62e-03
2026-07-01 23:55:52 | n6_b2p2 | samples=  2,702,592 | speed= 1,629 sps | loss=0.095275 | val=0.100907 | lr=6.89e-03
2026-07-01 23:57:00 | n6_b2p2 | samples=  2,802,688 | speed= 1,464 sps | loss=0.094322 | val=0.099236 | lr=7.24e-03
2026-07-01 23:58:00 | n6_b2p2 | samples=  2,902,784 | speed= 1,664 sps | loss=0.093544 | val=0.100140 | lr=7.46e-03
2026-07-01 23:59:16 | n6_b2p2 | samples=  3,002,880 | speed= 1,327 sps | loss=0.093050 | val=0.098474 | lr=7.77e-03
2026-07-02 00:00:23 | n6_b2p2 | samples=  3,102,976 | speed= 1,481 sps | loss=0.092345 | val=0.096164 | lr=8.00e-03
2026-07-02 00:01:23 | n6_b2p2 | samples=  3,203,072 | speed= 1,671 sps | loss=0.091702 | val=0.101509 | lr=8.24e-03
2026-07-02 00:02:23 | n6_b2p2 | samples=  3,303,168 | speed= 1,661 sps | loss=0.091074 | val=0.097027 | lr=8.41e-03
2026-07-02 00:03:24 | n6_b2p2 | samples=  3,403,264 | speed= 1,649 sps | loss=0.090381 | val=0.097747 | lr=8.58e-03
2026-07-02 00:04:34 | n6_b2p2 | samples=  3,503,360 | speed= 1,441 sps | loss=0.089975 | val=0.094957 | lr=8.84e-03
2026-07-02 00:05:34 | n6_b2p2 | samples=  3,603,456 | speed= 1,667 sps | loss=0.089783 | val=0.096588 | lr=9.02e-03
2026-07-02 00:06:42 | n6_b2p2 | samples=  3,703,552 | speed= 1,466 sps | loss=0.089287 | val=0.091845 | lr=9.11e-03
2026-07-02 00:07:42 | n6_b2p2 | samples=  3,803,648 | speed= 1,666 sps | loss=0.088875 | val=0.096778 | lr=9.29e-03
2026-07-02 00:08:43 | n6_b2p2 | samples=  3,903,744 | speed= 1,649 sps | loss=0.088495 | val=0.095870 | lr=9.38e-03
2026-07-02 00:09:44 | n6_b2p2 | samples=  4,003,840 | speed= 1,643 sps | loss=0.088304 | val=0.096495 | lr=9.57e-03
2026-07-02 00:10:52 | n6_b2p2 | samples=  4,103,936 | speed= 1,459 sps | loss=0.085032 | val=0.085455 | lr=8.17e-03
2026-07-02 00:11:52 | n6_b2p2 | samples=  4,204,032 | speed= 1,664 sps | loss=0.083657 | val=0.089855 | lr=8.17e-03
2026-07-02 00:13:02 | n6_b2p2 | samples=  4,304,128 | speed= 1,443 sps | loss=0.080374 | val=0.083690 | lr=6.84e-03
2026-07-02 00:14:09 | n6_b2p2 | samples=  4,404,224 | speed= 1,476 sps | loss=0.078815 | val=0.077525 | lr=5.61e-03
2026-07-02 00:15:10 | n6_b2p2 | samples=  4,504,320 | speed= 1,667 sps | loss=0.077406 | val=0.079786 | lr=5.61e-03
2026-07-02 00:16:18 | n6_b2p2 | samples=  4,604,416 | speed= 1,453 sps | loss=0.074728 | val=0.075351 | lr=4.60e-03
2026-07-02 00:17:49 | n6_b2p2 | samples=  4,704,512 | speed= 1,100 sps | loss=0.074514 | val=0.070843 | lr=3.63e-03
2026-07-02 00:18:48 | n6_b2p2 | samples=  4,804,608 | speed= 1,695 sps | loss=0.072244 | val=0.072986 | lr=3.81e-03
2026-07-02 00:19:48 | n6_b2p2 | samples=  4,904,704 | speed= 1,673 sps | loss=0.072256 | val=0.072302 | lr=3.81e-03
2026-07-02 00:20:56 | n6_b2p2 | samples=  5,004,800 | speed= 1,471 sps | loss=0.070368 | val=0.069363 | lr=3.09e-03
2026-07-02 00:22:04 | n6_b2p2 | samples=  5,104,896 | speed= 1,476 sps | loss=0.069922 | val=0.068680 | lr=3.19e-03
2026-07-02 00:23:12 | n6_b2p2 | samples=  5,204,992 | speed= 1,478 sps | loss=0.069695 | val=0.065941 | lr=2.44e-03
2026-07-02 00:24:20 | n6_b2p2 | samples=  5,305,088 | speed= 1,477 sps | loss=0.067717 | val=0.065436 | lr=2.62e-03
2026-07-02 00:25:28 | n6_b2p2 | samples=  5,405,184 | speed= 1,475 sps | loss=0.067267 | val=0.062772 | lr=1.98e-03
2026-07-02 00:26:28 | n6_b2p2 | samples=  5,505,280 | speed= 1,666 sps | loss=0.065670 | val=0.063670 | lr=2.08e-03
2026-07-02 00:27:37 | n6_b2p2 | samples=  5,605,376 | speed= 1,440 sps | loss=0.065474 | val=0.062532 | lr=2.10e-03
2026-07-02 00:28:37 | n6_b2p2 | samples=  5,705,472 | speed= 1,663 sps | loss=0.065312 | val=0.063287 | lr=2.12e-03
2026-07-02 00:29:54 | n6_b2p2 | samples=  5,805,568 | speed= 1,305 sps | loss=0.064138 | val=0.061051 | lr=1.69e-03
2026-07-02 00:31:02 | n6_b2p2 | samples=  5,905,664 | speed= 1,482 sps | loss=0.063515 | val=0.060826 | lr=1.69e-03
2026-07-02 00:32:09 | n6_b2p2 | samples=  6,005,760 | speed= 1,480 sps | loss=0.062441 | val=0.058773 | lr=1.33e-03
2026-07-02 00:33:09 | n6_b2p2 | samples=  6,105,856 | speed= 1,668 sps | loss=0.062011 | val=0.059025 | lr=1.35e-03
2026-07-02 00:34:35 | n6_b2p2 | samples=  6,205,952 | speed= 1,169 sps | loss=0.061566 | val=0.057100 | lr=1.03e-03
2026-07-02 00:35:34 | n6_b2p2 | samples=  6,306,048 | speed= 1,687 sps | loss=0.060847 | val=0.057170 | lr=1.04e-03
2026-07-02 00:36:42 | n6_b2p2 | samples=  6,406,144 | speed= 1,475 sps | loss=0.060249 | val=0.055778 | lr=8.04e-04
2026-07-02 00:37:56 | n6_b2p2 | samples=  6,506,240 | speed= 1,355 sps | loss=0.059860 | val=0.055734 | lr=8.20e-04
2026-07-02 00:39:03 | n6_b2p2 | samples=  6,606,336 | speed= 1,487 sps | loss=0.059687 | val=0.055541 | lr=8.28e-04
2026-07-02 00:40:11 | n6_b2p2 | samples=  6,706,432 | speed= 1,483 sps | loss=0.059401 | val=0.054591 | lr=6.21e-04
2026-07-02 00:41:18 | n6_b2p2 | samples=  6,806,528 | speed= 1,483 sps | loss=0.058940 | val=0.054468 | lr=6.40e-04
2026-07-02 00:42:26 | n6_b2p2 | samples=  6,906,624 | speed= 1,482 sps | loss=0.058668 | val=0.054144 | lr=6.40e-04
2026-07-02 00:43:33 | n6_b2p2 | samples=  7,006,720 | speed= 1,483 sps | loss=0.058243 | val=0.053561 | lr=4.90e-04
2026-07-02 00:44:41 | n6_b2p2 | samples=  7,106,816 | speed= 1,481 sps | loss=0.058036 | val=0.053363 | lr=4.95e-04
2026-07-02 00:45:53 | n6_b2p2 | samples=  7,206,912 | speed= 1,390 sps | loss=0.057911 | val=0.053002 | lr=3.71e-04
2026-07-02 00:47:00 | n6_b2p2 | samples=  7,307,008 | speed= 1,486 sps | loss=0.057528 | val=0.052656 | lr=3.82e-04
2026-07-02 00:48:08 | n6_b2p2 | samples=  7,407,104 | speed= 1,482 sps | loss=0.057480 | val=0.052576 | lr=3.86e-04
2026-07-02 00:49:15 | n6_b2p2 | samples=  7,507,200 | speed= 1,484 sps | loss=0.057388 | val=0.052552 | lr=3.86e-04
2026-07-02 00:50:23 | n6_b2p2 | samples=  7,607,296 | speed= 1,480 sps | loss=0.057078 | val=0.052176 | lr=2.89e-04
2026-07-02 00:51:31 | n6_b2p2 | samples=  7,707,392 | speed= 1,479 sps | loss=0.056918 | val=0.052033 | lr=2.98e-04
2026-07-02 00:52:45 | n6_b2p2 | samples=  7,807,488 | speed= 1,349 sps | loss=0.056893 | val=0.051920 | lr=3.01e-04
2026-07-02 00:53:52 | n6_b2p2 | samples=  7,907,584 | speed= 1,485 sps | loss=0.056756 | val=0.051802 | lr=3.04e-04
2026-07-02 00:55:00 | n6_b2p2 | samples=  8,007,680 | speed= 1,484 sps | loss=0.056642 | val=0.051606 | lr=2.28e-04
2026-07-02 00:56:07 | n6_b2p2 | samples=  8,107,776 | speed= 1,485 sps | loss=0.056483 | val=0.051476 | lr=2.33e-04
2026-07-02 00:57:15 | n6_b2p2 | samples=  8,207,872 | speed= 1,481 sps | loss=0.056393 | val=0.051418 | lr=2.35e-04
2026-07-02 00:58:28 | n6_b2p2 | samples=  8,307,968 | speed= 1,361 sps | loss=0.056279 | val=0.051193 | lr=1.76e-04
2026-07-02 00:59:35 | n6_b2p2 | samples=  8,408,064 | speed= 1,488 sps | loss=0.056196 | val=0.051079 | lr=1.78e-04
2026-07-02 01:00:43 | n6_b2p2 | samples=  8,508,160 | speed= 1,486 sps | loss=0.056101 | val=0.050972 | lr=1.34e-04
2026-07-02 01:02:33 | n6_b2p2 | samples=  8,608,256 | speed=   909 sps | loss=0.055934 | val=0.050866 | lr=1.36e-04
2026-07-02 01:03:39 | n6_b2p2 | samples=  8,708,352 | speed= 1,513 sps | loss=0.056000 | val=0.050836 | lr=1.02e-04
2026-07-02 01:04:46 | n6_b2p2 | samples=  8,808,448 | speed= 1,502 sps | loss=0.055841 | val=0.050756 | lr=1.02e-04
2026-07-02 01:06:04 | n6_b2p2 | samples=  8,908,544 | speed= 1,274 sps | loss=0.055766 | val=0.050655 | lr=7.74e-05
2026-07-02 01:07:11 | n6_b2p2 | samples=  9,008,640 | speed= 1,502 sps | loss=0.055693 | val=0.050641 | lr=7.82e-05
2026-07-02 01:08:18 | n6_b2p2 | samples=  9,108,736 | speed= 1,489 sps | loss=0.055682 | val=0.050616 | lr=5.86e-05
2026-07-02 01:09:26 | n6_b2p2 | samples=  9,208,832 | speed= 1,483 sps | loss=0.055615 | val=0.050530 | lr=5.86e-05
2026-07-02 01:10:38 | n6_b2p2 | samples=  9,308,928 | speed= 1,382 sps | loss=0.055550 | val=0.050522 | lr=4.40e-05
2026-07-02 01:11:45 | n6_b2p2 | samples=  9,409,024 | speed= 1,488 sps | loss=0.055543 | val=0.050459 | lr=4.44e-05
2026-07-02 01:12:45 | n6_b2p2 | samples=  9,509,120 | speed= 1,682 sps | loss=0.055487 | val=0.050466 | lr=3.33e-05
2026-07-02 01:13:52 | n6_b2p2 | samples=  9,609,216 | speed= 1,481 sps | loss=0.055490 | val=0.050424 | lr=2.52e-05
2026-07-02 01:15:42 | n6_b2p2 | samples=  9,709,312 | speed=   915 sps | loss=0.055520 | val=0.050402 | lr=2.52e-05
2026-07-02 01:16:48 | n6_b2p2 | samples=  9,809,408 | speed= 1,512 sps | loss=0.055433 | val=0.050391 | lr=1.89e-05
2026-07-02 01:17:55 | n6_b2p2 | samples=  9,909,504 | speed= 1,502 sps | loss=0.055424 | val=0.050369 | lr=1.43e-05
2026-07-02 01:19:08 | n6_b2p2 | samples= 10,009,600 | speed= 1,370 sps | loss=0.055499 | val=0.050368 | lr=1.43e-05
2026-07-02 01:20:07 | n6_b2p2 | samples= 10,109,696 | speed= 1,692 sps | loss=0.055517 | val=0.050376 | lr=1.08e-05
2026-07-02 01:21:14 | n6_b2p2 | samples= 10,209,792 | speed= 1,480 sps | loss=0.055440 | val=0.050357 | lr=8.06e-06
2026-07-02 01:22:22 | n6_b2p2 | samples= 10,309,888 | speed= 1,485 sps | loss=0.055416 | val=0.050347 | lr=6.05e-06
2026-07-02 01:23:30 | n6_b2p2 | samples= 10,409,984 | speed= 1,463 sps | loss=0.055429 | val=0.050332 | lr=6.11e-06
2026-07-02 01:24:30 | n6_b2p2 | samples= 10,510,080 | speed= 1,680 sps | loss=0.055346 | val=0.050352 | lr=4.58e-06
2026-07-02 01:25:30 | n6_b2p2 | samples= 10,610,176 | speed= 1,671 sps | loss=0.055359 | val=0.050347 | lr=3.44e-06
2026-07-02 01:26:38 | n6_b2p2 | samples= 10,710,272 | speed= 1,472 sps | loss=0.055359 | val=0.050319 | lr=3.44e-06
2026-07-02 01:27:38 | n6_b2p2 | samples= 10,810,368 | speed= 1,672 sps | loss=0.055363 | val=0.050332 | lr=3.47e-06
2026-07-02 01:28:45 | n6_b2p2 | samples= 10,910,464 | speed= 1,478 sps | loss=0.055300 | val=0.050318 | lr=2.60e-06
2026-07-02 01:29:45 | n6_b2p2 | samples= 11,010,560 | speed= 1,672 sps | loss=0.055364 | val=0.050345 | lr=1.95e-06
2026-07-02 01:30:45 | n6_b2p2 | samples= 11,110,656 | speed= 1,664 sps | loss=0.055433 | val=0.050322 | lr=1.46e-06
2026-07-02 01:31:53 | n6_b2p2 | samples= 11,210,752 | speed= 1,474 sps | loss=0.055340 | val=0.050315 | lr=1.46e-06
2026-07-02 01:32:53 | n6_b2p2 | samples= 11,310,848 | speed= 1,671 sps | loss=0.055342 | val=0.050323 | lr=1.10e-06
2026-07-02 01:33:53 | n6_b2p2 | samples= 11,410,944 | speed= 1,663 sps | loss=0.056799 | val=0.054815 | lr=1.02e-03
2026-07-02 01:34:54 | n6_b2p2 | samples= 11,511,040 | speed= 1,662 sps | loss=0.058273 | val=0.053187 | lr=7.65e-04
2026-07-02 01:35:54 | n6_b2p2 | samples= 11,611,136 | speed= 1,660 sps | loss=0.057337 | val=0.052583 | lr=7.65e-04
2026-07-02 01:36:54 | n6_b2p2 | samples= 11,711,232 | speed= 1,659 sps | loss=0.056666 | val=0.051651 | lr=5.74e-04
2026-07-02 01:37:55 | n6_b2p2 | samples= 11,811,328 | speed= 1,658 sps | loss=0.056267 | val=0.051230 | lr=4.39e-04
2026-07-02 01:38:55 | n6_b2p2 | samples= 11,911,424 | speed= 1,657 sps | loss=0.055942 | val=0.051049 | lr=4.43e-04
2026-07-02 01:39:55 | n6_b2p2 | samples= 12,011,520 | speed= 1,657 sps | loss=0.055905 | val=0.050970 | lr=4.57e-04
2026-07-02 01:40:57 | n6_b2p2 | samples= 12,111,616 | speed= 1,634 sps | loss=0.055803 | val=0.051000 | lr=4.57e-04
2026-07-02 01:41:57 | n6_b2p2 | samples= 12,211,712 | speed= 1,657 sps | loss=0.055457 | val=0.050334 | lr=3.50e-04
2026-07-02 01:43:05 | n6_b2p2 | samples= 12,311,808 | speed= 1,463 sps | loss=0.055319 | val=0.050153 | lr=2.62e-04
2026-07-02 01:44:21 | n6_b2p2 | samples= 12,411,904 | speed= 1,325 sps | loss=0.055028 | val=0.049939 | lr=2.65e-04
2026-07-02 01:45:28 | n6_b2p2 | samples= 12,512,000 | speed= 1,486 sps | loss=0.054829 | val=0.049677 | lr=1.99e-04
2026-07-02 01:46:36 | n6_b2p2 | samples= 12,612,096 | speed= 1,484 sps | loss=0.054785 | val=0.049528 | lr=2.03e-04
2026-07-02 01:47:43 | n6_b2p2 | samples= 12,712,192 | speed= 1,483 sps | loss=0.054709 | val=0.049522 | lr=2.05e-04
2026-07-02 01:49:04 | n6_b2p2 | samples= 12,812,288 | speed= 1,240 sps | loss=0.054575 | val=0.049283 | lr=1.55e-04
2026-07-02 01:50:11 | n6_b2p2 | samples= 12,912,384 | speed= 1,488 sps | loss=0.054447 | val=0.049216 | lr=1.55e-04
2026-07-02 01:51:19 | n6_b2p2 | samples= 13,012,480 | speed= 1,484 sps | loss=0.054306 | val=0.049071 | lr=1.16e-04
2026-07-02 01:52:26 | n6_b2p2 | samples= 13,112,576 | speed= 1,482 sps | loss=0.054188 | val=0.048977 | lr=8.80e-05
2026-07-02 01:54:15 | n6_b2p2 | samples= 13,212,672 | speed=   918 sps | loss=0.054159 | val=0.048975 | lr=8.89e-05
2026-07-02 01:55:22 | n6_b2p2 | samples= 13,312,768 | speed= 1,506 sps | loss=0.054143 | val=0.048913 | lr=8.98e-05
2026-07-02 01:56:29 | n6_b2p2 | samples= 13,412,864 | speed= 1,490 sps | loss=0.054094 | val=0.048850 | lr=6.74e-05
2026-07-02 01:58:04 | n6_b2p2 | samples= 13,512,960 | speed= 1,054 sps | loss=0.053992 | val=0.048765 | lr=6.80e-05
2026-07-02 01:59:10 | n6_b2p2 | samples= 13,613,056 | speed= 1,505 sps | loss=0.054014 | val=0.048757 | lr=6.80e-05
2026-07-02 02:00:17 | n6_b2p2 | samples= 13,713,152 | speed= 1,493 sps | loss=0.053915 | val=0.048683 | lr=5.10e-05
2026-07-02 02:01:25 | n6_b2p2 | samples= 13,813,248 | speed= 1,486 sps | loss=0.053809 | val=0.048666 | lr=3.83e-05
2026-07-02 02:02:32 | n6_b2p2 | samples= 13,913,344 | speed= 1,486 sps | loss=0.053856 | val=0.048662 | lr=2.93e-05
2026-07-02 02:03:42 | n6_b2p2 | samples= 14,013,440 | speed= 1,439 sps | loss=0.053828 | val=0.048615 | lr=2.93e-05
2026-07-02 02:04:49 | n6_b2p2 | samples= 14,113,536 | speed= 1,479 sps | loss=0.053820 | val=0.048573 | lr=2.22e-05
2026-07-02 02:05:49 | n6_b2p2 | samples= 14,213,632 | speed= 1,676 sps | loss=0.053893 | val=0.048603 | lr=1.66e-05
2026-07-02 02:06:49 | n6_b2p2 | samples= 14,313,728 | speed= 1,666 sps | loss=0.053921 | val=0.048581 | lr=1.66e-05
2026-07-02 02:07:49 | n6_b2p2 | samples= 14,413,824 | speed= 1,660 sps | loss=0.053820 | val=0.048589 | lr=1.26e-05
2026-07-02 02:08:58 | n6_b2p2 | samples= 14,513,920 | speed= 1,468 sps | loss=0.053808 | val=0.048557 | lr=1.26e-05
2026-07-02 02:09:58 | n6_b2p2 | samples= 14,614,016 | speed= 1,663 sps | loss=0.053696 | val=0.048558 | lr=9.45e-06
2026-07-02 02:10:58 | n6_b2p2 | samples= 14,714,112 | speed= 1,657 sps | loss=0.053792 | val=0.048592 | lr=7.09e-06
2026-07-02 02:12:08 | n6_b2p2 | samples= 14,814,208 | speed= 1,439 sps | loss=0.053734 | val=0.048550 | lr=5.32e-06
2026-07-02 02:13:23 | n6_b2p2 | samples= 14,914,304 | speed= 1,336 sps | loss=0.053758 | val=0.048516 | lr=3.99e-06
2026-07-02 02:14:23 | n6_b2p2 | samples= 15,014,400 | speed= 1,674 sps | loss=0.053681 | val=0.048532 | lr=3.99e-06
2026-07-02 02:15:23 | n6_b2p2 | samples= 15,114,496 | speed= 1,662 sps | loss=0.053735 | val=0.048540 | lr=2.99e-06
2026-07-02 02:16:23 | n6_b2p2 | samples= 15,214,592 | speed= 1,657 sps | loss=0.053680 | val=0.048608 | lr=2.24e-06
2026-07-02 02:17:25 | n6_b2p2 | samples= 15,314,688 | speed= 1,629 sps | loss=0.053759 | val=0.048520 | lr=1.68e-06
2026-07-02 02:18:26 | n6_b2p2 | samples= 15,414,784 | speed= 1,622 sps | loss=0.053706 | val=0.048535 | lr=1.26e-06
2026-07-02 02:19:28 | n6_b2p2 | samples= 15,514,880 | speed= 1,629 sps | loss=0.053718 | val=0.048586 | lr=1.26e-06
2026-07-02 02:20:29 | n6_b2p2 | samples= 15,614,976 | speed= 1,631 sps | loss=0.056291 | val=0.053320 | lr=1.02e-03
2026-07-02 02:21:31 | n6_b2p2 | samples= 15,715,072 | speed= 1,623 sps | loss=0.056702 | val=0.051703 | lr=7.65e-04
2026-07-02 02:22:33 | n6_b2p2 | samples= 15,815,168 | speed= 1,618 sps | loss=0.055910 | val=0.050665 | lr=5.74e-04
2026-07-02 02:23:34 | n6_b2p2 | samples= 15,915,264 | speed= 1,632 sps | loss=0.055202 | val=0.050632 | lr=5.74e-04
2026-07-02 02:24:35 | n6_b2p2 | samples= 16,015,360 | speed= 1,647 sps | loss=0.054666 | val=0.049531 | lr=4.35e-04
2026-07-02 02:25:36 | n6_b2p2 | samples= 16,115,456 | speed= 1,632 sps | loss=0.054269 | val=0.049159 | lr=3.36e-04
2026-07-02 02:26:38 | n6_b2p2 | samples= 16,215,552 | speed= 1,625 sps | loss=0.054226 | val=0.049045 | lr=3.39e-04
2026-07-02 02:27:39 | n6_b2p2 | samples= 16,315,648 | speed= 1,630 sps | loss=0.054071 | val=0.048746 | lr=2.54e-04
2026-07-02 02:28:41 | n6_b2p2 | samples= 16,415,744 | speed= 1,621 sps | loss=0.053749 | val=0.048576 | lr=2.54e-04
2026-07-02 02:29:51 | n6_b2p2 | samples= 16,515,840 | speed= 1,436 sps | loss=0.053583 | val=0.048263 | lr=1.97e-04
2026-07-02 02:31:09 | n6_b2p2 | samples= 16,615,936 | speed= 1,280 sps | loss=0.053503 | val=0.048138 | lr=1.99e-04
2026-07-02 02:32:23 | n6_b2p2 | samples= 16,716,032 | speed= 1,344 sps | loss=0.053459 | val=0.048060 | lr=1.99e-04
2026-07-02 02:33:31 | n6_b2p2 | samples= 16,816,128 | speed= 1,483 sps | loss=0.053326 | val=0.048044 | lr=2.01e-04
2026-07-02 02:34:50 | n6_b2p2 | samples= 16,916,224 | speed= 1,266 sps | loss=0.053242 | val=0.047891 | lr=1.50e-04
2026-07-02 02:35:57 | n6_b2p2 | samples= 17,016,320 | speed= 1,490 sps | loss=0.053104 | val=0.047741 | lr=1.14e-04
2026-07-02 02:37:04 | n6_b2p2 | samples= 17,116,416 | speed= 1,485 sps | loss=0.053031 | val=0.047638 | lr=1.15e-04
2026-07-02 02:38:12 | n6_b2p2 | samples= 17,216,512 | speed= 1,481 sps | loss=0.052896 | val=0.047513 | lr=8.80e-05
2026-07-02 02:39:43 | n6_b2p2 | samples= 17,316,608 | speed= 1,095 sps | loss=0.052880 | val=0.047501 | lr=8.89e-05
2026-07-02 02:40:50 | n6_b2p2 | samples= 17,416,704 | speed= 1,501 sps | loss=0.052851 | val=0.047496 | lr=8.89e-05
2026-07-02 02:41:57 | n6_b2p2 | samples= 17,516,800 | speed= 1,486 sps | loss=0.052751 | val=0.047372 | lr=6.67e-05
2026-07-02 02:43:05 | n6_b2p2 | samples= 17,616,896 | speed= 1,485 sps | loss=0.052693 | val=0.047290 | lr=5.00e-05
2026-07-02 02:44:05 | n6_b2p2 | samples= 17,716,992 | speed= 1,673 sps | loss=0.052667 | val=0.047315 | lr=3.75e-05
2026-07-02 02:45:05 | n6_b2p2 | samples= 17,817,088 | speed= 1,662 sps | loss=0.052585 | val=0.047291 | lr=2.81e-05
2026-07-02 02:46:13 | n6_b2p2 | samples= 17,917,184 | speed= 1,468 sps | loss=0.052602 | val=0.047247 | lr=2.81e-05
2026-07-02 02:47:21 | n6_b2p2 | samples= 18,017,280 | speed= 1,475 sps | loss=0.052553 | val=0.047213 | lr=2.13e-05
2026-07-02 02:48:21 | n6_b2p2 | samples= 18,117,376 | speed= 1,666 sps | loss=0.052513 | val=0.047230 | lr=2.13e-05
2026-07-02 02:49:36 | n6_b2p2 | samples= 18,217,472 | speed= 1,336 sps | loss=0.052517 | val=0.047195 | lr=1.60e-05
2026-07-02 02:50:43 | n6_b2p2 | samples= 18,317,568 | speed= 1,481 sps | loss=0.052497 | val=0.047177 | lr=1.20e-05
2026-07-02 02:51:43 | n6_b2p2 | samples= 18,417,664 | speed= 1,671 sps | loss=0.052380 | val=0.047203 | lr=1.21e-05
2026-07-02 02:52:44 | n6_b2p2 | samples= 18,517,760 | speed= 1,663 sps | loss=0.052490 | val=0.047192 | lr=9.08e-06
2026-07-02 02:53:52 | n6_b2p2 | samples= 18,617,856 | speed= 1,471 sps | loss=0.052474 | val=0.047170 | lr=9.08e-06
2026-07-02 02:55:41 | n6_b2p2 | samples= 18,717,952 | speed=   914 sps | loss=0.052501 | val=0.047143 | lr=6.81e-06
2026-07-02 02:56:40 | n6_b2p2 | samples= 18,818,048 | speed= 1,708 sps | loss=0.052502 | val=0.047179 | lr=5.11e-06
2026-07-02 02:57:48 | n6_b2p2 | samples= 18,918,144 | speed= 1,456 sps | loss=0.052488 | val=0.047133 | lr=3.83e-06
2026-07-02 02:58:56 | n6_b2p2 | samples= 19,018,240 | speed= 1,486 sps | loss=0.052461 | val=0.047131 | lr=2.87e-06
2026-07-02 02:59:55 | n6_b2p2 | samples= 19,118,336 | speed= 1,678 sps | loss=0.052440 | val=0.047147 | lr=2.87e-06
2026-07-02 03:00:55 | n6_b2p2 | samples= 19,218,432 | speed= 1,668 sps | loss=0.052501 | val=0.047165 | lr=2.16e-06
2026-07-02 03:01:56 | n6_b2p2 | samples= 19,318,528 | speed= 1,664 sps | loss=0.052467 | val=0.047183 | lr=1.62e-06
2026-07-02 03:02:56 | n6_b2p2 | samples= 19,418,624 | speed= 1,660 sps | loss=0.052446 | val=0.047158 | lr=1.21e-06
2026-07-02 03:03:56 | n6_b2p2 | samples= 19,518,720 | speed= 1,657 sps | loss=0.052492 | val=0.047154 | lr=1.21e-06
2026-07-02 03:04:58 | n6_b2p2 | samples= 19,618,816 | speed= 1,630 sps | loss=0.056142 | val=0.053345 | lr=1.03e-03
2026-07-02 03:05:58 | n6_b2p2 | samples= 19,718,912 | speed= 1,657 sps | loss=0.055558 | val=0.050576 | lr=7.73e-04
2026-07-02 03:06:59 | n6_b2p2 | samples= 19,819,008 | speed= 1,634 sps | loss=0.054751 | val=0.049602 | lr=5.80e-04
2026-07-02 03:08:01 | n6_b2p2 | samples= 19,919,104 | speed= 1,628 sps | loss=0.054062 | val=0.048794 | lr=4.35e-04
2026-07-02 03:09:02 | n6_b2p2 | samples= 20,019,200 | speed= 1,648 sps | loss=0.053543 | val=0.048482 | lr=4.43e-04
2026-07-02 03:10:03 | n6_b2p2 | samples= 20,119,296 | speed= 1,633 sps | loss=0.053366 | val=0.048419 | lr=4.52e-04
2026-07-02 03:11:05 | n6_b2p2 | samples= 20,219,392 | speed= 1,624 sps | loss=0.053363 | val=0.047843 | lr=3.39e-04
2026-07-02 03:12:06 | n6_b2p2 | samples= 20,319,488 | speed= 1,629 sps | loss=0.052924 | val=0.047641 | lr=3.43e-04
2026-07-02 03:13:08 | n6_b2p2 | samples= 20,419,584 | speed= 1,622 sps | loss=0.052769 | val=0.047688 | lr=3.46e-04
2026-07-02 03:14:09 | n6_b2p2 | samples= 20,519,680 | speed= 1,624 sps | loss=0.052793 | val=0.047311 | lr=2.60e-04
2026-07-02 03:15:10 | n6_b2p2 | samples= 20,619,776 | speed= 1,651 sps | loss=0.052493 | val=0.047240 | lr=2.62e-04
2026-07-02 03:16:20 | n6_b2p2 | samples= 20,719,872 | speed= 1,435 sps | loss=0.052320 | val=0.046881 | lr=1.99e-04
2026-07-02 03:17:28 | n6_b2p2 | samples= 20,819,968 | speed= 1,474 sps | loss=0.052081 | val=0.046720 | lr=1.99e-04
2026-07-02 03:18:41 | n6_b2p2 | samples= 20,920,064 | speed= 1,371 sps | loss=0.052037 | val=0.046539 | lr=1.52e-04
2026-07-02 03:19:53 | n6_b2p2 | samples= 21,020,160 | speed= 1,391 sps | loss=0.051878 | val=0.046479 | lr=1.53e-04
2026-07-02 03:21:00 | n6_b2p2 | samples= 21,120,256 | speed= 1,486 sps | loss=0.051867 | val=0.046391 | lr=1.15e-04
2026-07-02 03:22:20 | n6_b2p2 | samples= 21,220,352 | speed= 1,247 sps | loss=0.051721 | val=0.046321 | lr=1.15e-04
2026-07-02 03:23:27 | n6_b2p2 | samples= 21,320,448 | speed= 1,496 sps | loss=0.051600 | val=0.046222 | lr=8.63e-05
2026-07-02 03:24:42 | n6_b2p2 | samples= 21,420,544 | speed= 1,327 sps | loss=0.051461 | val=0.046150 | lr=6.54e-05
2026-07-02 03:25:50 | n6_b2p2 | samples= 21,520,640 | speed= 1,493 sps | loss=0.051510 | val=0.046089 | lr=6.54e-05
2026-07-02 03:27:03 | n6_b2p2 | samples= 21,620,736 | speed= 1,357 sps | loss=0.051445 | val=0.046041 | lr=4.90e-05
2026-07-02 03:28:10 | n6_b2p2 | samples= 21,720,832 | speed= 1,490 sps | loss=0.051406 | val=0.045994 | lr=3.68e-05
2026-07-02 03:29:18 | n6_b2p2 | samples= 21,820,928 | speed= 1,488 sps | loss=0.051330 | val=0.045965 | lr=2.76e-05
2026-07-02 03:30:25 | n6_b2p2 | samples= 21,921,024 | speed= 1,485 sps | loss=0.051283 | val=0.045944 | lr=2.79e-05
2026-07-02 03:31:32 | n6_b2p2 | samples= 22,021,120 | speed= 1,487 sps | loss=0.051245 | val=0.045918 | lr=2.09e-05
2026-07-02 03:32:40 | n6_b2p2 | samples= 22,121,216 | speed= 1,492 sps | loss=0.051223 | val=0.045916 | lr=2.09e-05
2026-07-02 03:33:47 | n6_b2p2 | samples= 22,221,312 | speed= 1,489 sps | loss=0.051203 | val=0.045887 | lr=1.57e-05
2026-07-02 03:34:47 | n6_b2p2 | samples= 22,321,408 | speed= 1,675 sps | loss=0.051233 | val=0.045897 | lr=1.18e-05
2026-07-02 03:35:54 | n6_b2p2 | samples= 22,421,504 | speed= 1,474 sps | loss=0.051201 | val=0.045860 | lr=8.81e-06
2026-07-02 03:36:54 | n6_b2p2 | samples= 22,521,600 | speed= 1,671 sps | loss=0.051138 | val=0.045886 | lr=6.61e-06
2026-07-02 03:38:02 | n6_b2p2 | samples= 22,621,696 | speed= 1,471 sps | loss=0.051224 | val=0.045857 | lr=6.68e-06
2026-07-02 03:39:10 | n6_b2p2 | samples= 22,721,792 | speed= 1,475 sps | loss=0.051149 | val=0.045838 | lr=6.68e-06
2026-07-02 03:40:25 | n6_b2p2 | samples= 22,821,888 | speed= 1,346 sps | loss=0.051123 | val=0.045829 | lr=5.01e-06
2026-07-02 03:41:24 | n6_b2p2 | samples= 22,921,984 | speed= 1,679 sps | loss=0.051155 | val=0.045861 | lr=3.76e-06
2026-07-02 03:42:32 | n6_b2p2 | samples= 23,022,080 | speed= 1,469 sps | loss=0.051215 | val=0.045820 | lr=2.82e-06
2026-07-02 03:43:40 | n6_b2p2 | samples= 23,122,176 | speed= 1,475 sps | loss=0.051096 | val=0.045817 | lr=2.82e-06
2026-07-02 03:44:48 | n6_b2p2 | samples= 23,222,272 | speed= 1,476 sps | loss=0.051235 | val=0.045812 | lr=2.11e-06
2026-07-02 03:45:48 | n6_b2p2 | samples= 23,322,368 | speed= 1,668 sps | loss=0.051167 | val=0.045830 | lr=1.58e-06
2026-07-02 03:46:48 | n6_b2p2 | samples= 23,422,464 | speed= 1,661 sps | loss=0.051182 | val=0.045834 | lr=1.19e-06
2026-07-02 03:47:49 | n6_b2p2 | samples= 23,522,560 | speed= 1,656 sps | loss=0.051142 | val=0.045822 | lr=1.20e-06
2026-07-02 03:48:49 | n6_b2p2 | samples= 23,622,656 | speed= 1,654 sps | loss=0.054107 | val=0.052808 | lr=1.01e-03
2026-07-02 03:49:50 | n6_b2p2 | samples= 23,722,752 | speed= 1,654 sps | loss=0.054907 | val=0.049667 | lr=7.58e-04
2026-07-02 03:50:50 | n6_b2p2 | samples= 23,822,848 | speed= 1,654 sps | loss=0.053781 | val=0.048610 | lr=5.68e-04
2026-07-02 03:51:51 | n6_b2p2 | samples= 23,922,944 | speed= 1,654 sps | loss=0.053093 | val=0.048071 | lr=5.68e-04
2026-07-02 03:52:52 | n6_b2p2 | samples= 24,023,040 | speed= 1,650 sps | loss=0.052475 | val=0.047253 | lr=4.30e-04
2026-07-02 03:53:53 | n6_b2p2 | samples= 24,123,136 | speed= 1,638 sps | loss=0.052305 | val=0.047324 | lr=4.35e-04
2026-07-02 03:54:54 | n6_b2p2 | samples= 24,223,232 | speed= 1,646 sps | loss=0.052215 | val=0.047272 | lr=4.35e-04
2026-07-02 03:55:54 | n6_b2p2 | samples= 24,323,328 | speed= 1,648 sps | loss=0.051868 | val=0.046621 | lr=3.26e-04
2026-07-02 03:56:55 | n6_b2p2 | samples= 24,423,424 | speed= 1,653 sps | loss=0.051519 | val=0.046133 | lr=2.47e-04
2026-07-02 03:57:56 | n6_b2p2 | samples= 24,523,520 | speed= 1,646 sps | loss=0.051311 | val=0.045895 | lr=1.89e-04
2026-07-02 03:59:04 | n6_b2p2 | samples= 24,623,616 | speed= 1,464 sps | loss=0.051167 | val=0.045768 | lr=1.91e-04
2026-07-02 04:00:12 | n6_b2p2 | samples= 24,723,712 | speed= 1,473 sps | loss=0.051119 | val=0.045729 | lr=1.93e-04
2026-07-02 04:01:20 | n6_b2p2 | samples= 24,823,808 | speed= 1,475 sps | loss=0.050948 | val=0.045591 | lr=1.45e-04
2026-07-02 04:02:27 | n6_b2p2 | samples= 24,923,904 | speed= 1,480 sps | loss=0.050823 | val=0.045436 | lr=1.45e-04
2026-07-02 04:03:35 | n6_b2p2 | samples= 25,024,000 | speed= 1,483 sps | loss=0.050709 | val=0.045321 | lr=1.09e-04
2026-07-02 04:04:42 | n6_b2p2 | samples= 25,124,096 | speed= 1,485 sps | loss=0.050715 | val=0.045281 | lr=1.12e-04
2026-07-02 04:05:50 | n6_b2p2 | samples= 25,224,192 | speed= 1,488 sps | loss=0.050615 | val=0.045149 | lr=8.38e-05
2026-07-02 04:06:57 | n6_b2p2 | samples= 25,324,288 | speed= 1,483 sps | loss=0.050566 | val=0.045065 | lr=6.28e-05
2026-07-02 04:08:05 | n6_b2p2 | samples= 25,424,384 | speed= 1,483 sps | loss=0.050552 | val=0.045031 | lr=6.41e-05
2026-07-02 04:09:12 | n6_b2p2 | samples= 25,524,480 | speed= 1,481 sps | loss=0.050387 | val=0.045013 | lr=4.81e-05
2026-07-02 04:10:26 | n6_b2p2 | samples= 25,624,576 | speed= 1,350 sps | loss=0.050314 | val=0.045008 | lr=4.81e-05
2026-07-02 04:11:33 | n6_b2p2 | samples= 25,724,672 | speed= 1,490 sps | loss=0.050373 | val=0.044935 | lr=3.64e-05
2026-07-02 04:12:41 | n6_b2p2 | samples= 25,824,768 | speed= 1,490 sps | loss=0.050368 | val=0.044900 | lr=3.68e-05
2026-07-02 04:13:48 | n6_b2p2 | samples= 25,924,864 | speed= 1,482 sps | loss=0.050205 | val=0.044885 | lr=2.79e-05
2026-07-02 04:14:56 | n6_b2p2 | samples= 26,024,960 | speed= 1,483 sps | loss=0.050212 | val=0.044861 | lr=2.79e-05
2026-07-02 04:16:03 | n6_b2p2 | samples= 26,125,056 | speed= 1,484 sps | loss=0.050241 | val=0.044854 | lr=2.09e-05
2026-07-02 04:17:03 | n6_b2p2 | samples= 26,225,152 | speed= 1,675 sps | loss=0.050177 | val=0.044858 | lr=1.57e-05
2026-07-02 04:18:10 | n6_b2p2 | samples= 26,325,248 | speed= 1,483 sps | loss=0.050224 | val=0.044831 | lr=1.60e-05
2026-07-02 04:19:18 | n6_b2p2 | samples= 26,425,344 | speed= 1,480 sps | loss=0.050130 | val=0.044826 | lr=1.60e-05
2026-07-02 04:20:18 | n6_b2p2 | samples= 26,525,440 | speed= 1,674 sps | loss=0.050185 | val=0.044828 | lr=1.20e-05
2026-07-02 04:22:05 | n6_b2p2 | samples= 26,625,536 | speed=   938 sps | loss=0.050194 | val=0.044791 | lr=8.99e-06
2026-07-02 04:23:03 | n6_b2p2 | samples= 26,725,632 | speed= 1,710 sps | loss=0.050171 | val=0.044828 | lr=6.74e-06
2026-07-02 04:24:10 | n6_b2p2 | samples= 26,825,728 | speed= 1,491 sps | loss=0.050128 | val=0.044765 | lr=5.06e-06
2026-07-02 04:25:10 | n6_b2p2 | samples= 26,925,824 | speed= 1,681 sps | loss=0.050192 | val=0.044802 | lr=5.06e-06
2026-07-02 04:26:10 | n6_b2p2 | samples= 27,025,920 | speed= 1,673 sps | loss=0.050117 | val=0.044808 | lr=3.79e-06
2026-07-02 04:27:10 | n6_b2p2 | samples= 27,126,016 | speed= 1,665 sps | loss=0.050149 | val=0.044796 | lr=2.87e-06
2026-07-02 04:28:10 | n6_b2p2 | samples= 27,226,112 | speed= 1,662 sps | loss=0.050101 | val=0.044842 | lr=2.90e-06
2026-07-02 04:29:10 | n6_b2p2 | samples= 27,326,208 | speed= 1,659 sps | loss=0.050111 | val=0.044799 | lr=2.18e-06
2026-07-02 04:30:11 | n6_b2p2 | samples= 27,426,304 | speed= 1,657 sps | loss=0.050138 | val=0.044769 | lr=2.18e-06
2026-07-02 04:31:11 | n6_b2p2 | samples= 27,526,400 | speed= 1,655 sps | loss=0.050122 | val=0.044781 | lr=1.63e-06
2026-07-02 04:32:13 | n6_b2p2 | samples= 27,626,496 | speed= 1,620 sps | loss=0.050137 | val=0.044795 | lr=1.22e-06
2026-07-02 04:33:14 | n6_b2p2 | samples= 27,726,592 | speed= 1,648 sps | loss=0.050064 | val=0.044798 | lr=1.24e-06
2026-07-02 04:34:15 | n6_b2p2 | samples= 27,826,688 | speed= 1,638 sps | loss=0.050157 | val=0.044778 | lr=1.25e-06
2026-07-02 04:35:16 | n6_b2p2 | samples= 27,926,784 | speed= 1,640 sps | loss=0.051099 | val=0.053495 | lr=1.01e-03
2026-07-02 04:36:17 | n6_b2p2 | samples= 28,026,880 | speed= 1,643 sps | loss=0.054958 | val=0.052500 | lr=1.01e-03
2026-07-02 04:37:18 | n6_b2p2 | samples= 28,126,976 | speed= 1,622 sps | loss=0.053254 | val=0.049530 | lr=7.58e-04
2026-07-02 04:38:20 | n6_b2p2 | samples= 28,227,072 | speed= 1,629 sps | loss=0.052516 | val=0.047404 | lr=5.68e-04
2026-07-02 04:39:20 | n6_b2p2 | samples= 28,327,168 | speed= 1,656 sps | loss=0.051934 | val=0.046460 | lr=4.30e-04
2026-07-02 04:40:22 | n6_b2p2 | samples= 28,427,264 | speed= 1,629 sps | loss=0.051448 | val=0.046493 | lr=4.30e-04
2026-07-02 04:41:22 | n6_b2p2 | samples= 28,527,360 | speed= 1,656 sps | loss=0.051140 | val=0.045797 | lr=3.33e-04
2026-07-02 04:42:24 | n6_b2p2 | samples= 28,627,456 | speed= 1,629 sps | loss=0.050892 | val=0.045720 | lr=3.36e-04
2026-07-02 04:43:24 | n6_b2p2 | samples= 28,727,552 | speed= 1,658 sps | loss=0.050718 | val=0.045305 | lr=2.52e-04
2026-07-02 04:44:26 | n6_b2p2 | samples= 28,827,648 | speed= 1,625 sps | loss=0.050553 | val=0.044899 | lr=1.91e-04
2026-07-02 04:45:26 | n6_b2p2 | samples= 28,927,744 | speed= 1,648 sps | loss=0.050324 | val=0.044869 | lr=1.97e-04
2026-07-02 04:46:28 | n6_b2p2 | samples= 29,027,840 | speed= 1,630 sps | loss=0.050188 | val=0.044903 | lr=2.01e-04
2026-07-02 04:47:28 | n6_b2p2 | samples= 29,127,936 | speed= 1,657 sps | loss=0.050075 | val=0.044770 | lr=2.03e-04
2026-07-02 04:48:29 | n6_b2p2 | samples= 29,228,032 | speed= 1,649 sps | loss=0.050145 | val=0.044812 | lr=2.05e-04
2026-07-02 04:49:38 | n6_b2p2 | samples= 29,328,128 | speed= 1,445 sps | loss=0.050050 | val=0.044700 | lr=2.09e-04
2026-07-02 04:50:46 | n6_b2p2 | samples= 29,428,224 | speed= 1,472 sps | loss=0.050055 | val=0.044674 | lr=2.09e-04
2026-07-02 04:52:00 | n6_b2p2 | samples= 29,528,320 | speed= 1,362 sps | loss=0.049836 | val=0.044479 | lr=1.58e-04
2026-07-02 04:53:07 | n6_b2p2 | samples= 29,628,416 | speed= 1,484 sps | loss=0.049826 | val=0.044314 | lr=1.21e-04
2026-07-02 04:54:15 | n6_b2p2 | samples= 29,728,512 | speed= 1,480 sps | loss=0.049672 | val=0.044257 | lr=1.21e-04
2026-07-02 04:55:22 | n6_b2p2 | samples= 29,828,608 | speed= 1,484 sps | loss=0.049568 | val=0.044127 | lr=9.07e-05
2026-07-02 04:56:30 | n6_b2p2 | samples= 29,928,704 | speed= 1,483 sps | loss=0.049507 | val=0.044037 | lr=6.87e-05
2026-07-02 04:57:37 | n6_b2p2 | samples= 30,028,800 | speed= 1,485 sps | loss=0.049406 | val=0.043957 | lr=6.94e-05
2026-07-02 04:58:52 | n6_b2p2 | samples= 30,128,896 | speed= 1,341 sps | loss=0.049376 | val=0.043940 | lr=5.21e-05
2026-07-02 04:59:59 | n6_b2p2 | samples= 30,228,992 | speed= 1,492 sps | loss=0.049327 | val=0.043886 | lr=3.90e-05
2026-07-02 05:01:06 | n6_b2p2 | samples= 30,329,088 | speed= 1,487 sps | loss=0.049248 | val=0.043878 | lr=2.93e-05
2026-07-02 05:02:13 | n6_b2p2 | samples= 30,429,184 | speed= 1,488 sps | loss=0.049256 | val=0.043839 | lr=3.02e-05
2026-07-02 05:03:21 | n6_b2p2 | samples= 30,529,280 | speed= 1,481 sps | loss=0.049223 | val=0.043809 | lr=3.02e-05
2026-07-02 05:04:28 | n6_b2p2 | samples= 30,629,376 | speed= 1,486 sps | loss=0.049225 | val=0.043774 | lr=2.26e-05
2026-07-02 05:05:28 | n6_b2p2 | samples= 30,729,472 | speed= 1,675 sps | loss=0.049130 | val=0.043787 | lr=1.70e-05
2026-07-02 05:06:45 | n6_b2p2 | samples= 30,829,568 | speed= 1,297 sps | loss=0.049178 | val=0.043756 | lr=1.27e-05
2026-07-02 05:07:53 | n6_b2p2 | samples= 30,929,664 | speed= 1,488 sps | loss=0.049098 | val=0.043742 | lr=1.27e-05
2026-07-02 05:09:00 | n6_b2p2 | samples= 31,029,760 | speed= 1,485 sps | loss=0.049087 | val=0.043741 | lr=9.54e-06
2026-07-02 05:10:07 | n6_b2p2 | samples= 31,129,856 | speed= 1,485 sps | loss=0.049107 | val=0.043734 | lr=7.16e-06
2026-07-02 05:11:36 | n6_b2p2 | samples= 31,229,952 | speed= 1,131 sps | loss=0.049148 | val=0.043715 | lr=5.37e-06
2026-07-02 05:12:35 | n6_b2p2 | samples= 31,330,048 | speed= 1,701 sps | loss=0.049154 | val=0.043722 | lr=4.03e-06
2026-07-02 05:13:34 | n6_b2p2 | samples= 31,430,144 | speed= 1,679 sps | loss=0.049111 | val=0.043741 | lr=4.03e-06
2026-07-02 05:14:42 | n6_b2p2 | samples= 31,530,240 | speed= 1,478 sps | loss=0.049090 | val=0.043710 | lr=3.02e-06
2026-07-02 05:15:42 | n6_b2p2 | samples= 31,630,336 | speed= 1,672 sps | loss=0.049109 | val=0.043730 | lr=3.05e-06
2026-07-02 05:16:42 | n6_b2p2 | samples= 31,730,432 | speed= 1,665 sps | loss=0.049135 | val=0.043715 | lr=2.29e-06
2026-07-02 05:17:42 | n6_b2p2 | samples= 31,830,528 | speed= 1,660 sps | loss=0.049093 | val=0.043716 | lr=1.72e-06
2026-07-02 05:18:43 | n6_b2p2 | samples= 31,930,624 | speed= 1,657 sps | loss=0.049058 | val=0.043719 | lr=1.72e-06
2026-07-02 05:19:45 | n6_b2p2 | samples= 32,030,720 | speed= 1,617 sps | loss=0.049146 | val=0.043741 | lr=1.29e-06
2026-07-02 05:20:45 | n6_b2p2 | samples= 32,130,816 | speed= 1,649 sps | loss=0.051316 | val=0.051085 | lr=1.01e-03
2026-07-02 05:21:47 | n6_b2p2 | samples= 32,230,912 | speed= 1,614 sps | loss=0.053925 | val=0.048638 | lr=7.58e-04
2026-07-02 05:22:48 | n6_b2p2 | samples= 32,331,008 | speed= 1,639 sps | loss=0.052233 | val=0.048173 | lr=7.58e-04
2026-07-02 05:23:49 | n6_b2p2 | samples= 32,431,104 | speed= 1,640 sps | loss=0.051512 | val=0.046818 | lr=5.68e-04
2026-07-02 05:24:50 | n6_b2p2 | samples= 32,531,200 | speed= 1,642 sps | loss=0.050795 | val=0.045717 | lr=4.26e-04
2026-07-02 05:25:52 | n6_b2p2 | samples= 32,631,296 | speed= 1,626 sps | loss=0.050404 | val=0.045014 | lr=3.20e-04
2026-07-02 05:26:53 | n6_b2p2 | samples= 32,731,392 | speed= 1,642 sps | loss=0.050013 | val=0.044557 | lr=2.40e-04
2026-07-02 05:27:55 | n6_b2p2 | samples= 32,831,488 | speed= 1,610 sps | loss=0.049654 | val=0.044261 | lr=2.42e-04
2026-07-02 05:28:56 | n6_b2p2 | samples= 32,931,584 | speed= 1,631 sps | loss=0.049499 | val=0.044075 | lr=1.82e-04
2026-07-02 05:29:57 | n6_b2p2 | samples= 33,031,680 | speed= 1,642 sps | loss=0.049342 | val=0.044052 | lr=1.83e-04
2026-07-02 05:30:59 | n6_b2p2 | samples= 33,131,776 | speed= 1,635 sps | loss=0.049248 | val=0.043945 | lr=1.87e-04
2026-07-02 05:32:00 | n6_b2p2 | samples= 33,231,872 | speed= 1,631 sps | loss=0.049283 | val=0.043895 | lr=1.91e-04
2026-07-02 05:33:01 | n6_b2p2 | samples= 33,331,968 | speed= 1,632 sps | loss=0.049215 | val=0.043843 | lr=1.91e-04
2026-07-02 05:34:18 | n6_b2p2 | samples= 33,432,064 | speed= 1,310 sps | loss=0.049046 | val=0.043668 | lr=1.43e-04
2026-07-02 05:35:25 | n6_b2p2 | samples= 33,532,160 | speed= 1,484 sps | loss=0.048989 | val=0.043581 | lr=1.46e-04
2026-07-02 05:36:33 | n6_b2p2 | samples= 33,632,256 | speed= 1,481 sps | loss=0.048962 | val=0.043446 | lr=1.09e-04
2026-07-02 05:37:43 | n6_b2p2 | samples= 33,732,352 | speed= 1,422 sps | loss=0.048830 | val=0.043351 | lr=1.12e-04
2026-07-02 05:38:43 | n6_b2p2 | samples= 33,832,448 | speed= 1,675 sps | loss=0.048802 | val=0.043368 | lr=1.13e-04
2026-07-02 05:39:51 | n6_b2p2 | samples= 33,932,544 | speed= 1,473 sps | loss=0.048796 | val=0.043286 | lr=8.46e-05
2026-07-02 05:40:59 | n6_b2p2 | samples= 34,032,640 | speed= 1,477 sps | loss=0.048622 | val=0.043150 | lr=6.35e-05
2026-07-02 05:41:59 | n6_b2p2 | samples= 34,132,736 | speed= 1,670 sps | loss=0.048501 | val=0.043175 | lr=6.47e-05
2026-07-02 05:43:07 | n6_b2p2 | samples= 34,232,832 | speed= 1,473 sps | loss=0.048460 | val=0.043113 | lr=4.85e-05
2026-07-02 05:44:14 | n6_b2p2 | samples= 34,332,928 | speed= 1,475 sps | loss=0.048439 | val=0.043029 | lr=4.85e-05
2026-07-02 05:45:14 | n6_b2p2 | samples= 34,433,024 | speed= 1,668 sps | loss=0.048395 | val=0.043042 | lr=3.68e-05
2026-07-02 05:46:23 | n6_b2p2 | samples= 34,533,120 | speed= 1,469 sps | loss=0.048352 | val=0.042985 | lr=3.68e-05
2026-07-02 05:47:35 | n6_b2p2 | samples= 34,633,216 | speed= 1,376 sps | loss=0.048347 | val=0.042959 | lr=2.76e-05
2026-07-02 05:48:43 | n6_b2p2 | samples= 34,733,312 | speed= 1,480 sps | loss=0.048349 | val=0.042915 | lr=2.07e-05
2026-07-02 05:49:51 | n6_b2p2 | samples= 34,833,408 | speed= 1,481 sps | loss=0.048290 | val=0.042899 | lr=1.55e-05
2026-07-02 05:50:50 | n6_b2p2 | samples= 34,933,504 | speed= 1,674 sps | loss=0.048187 | val=0.042915 | lr=1.57e-05
2026-07-02 05:51:58 | n6_b2p2 | samples= 35,033,600 | speed= 1,474 sps | loss=0.048186 | val=0.042898 | lr=1.18e-05
2026-07-02 05:53:06 | n6_b2p2 | samples= 35,133,696 | speed= 1,478 sps | loss=0.048248 | val=0.042883 | lr=8.81e-06
2026-07-02 05:54:06 | n6_b2p2 | samples= 35,233,792 | speed= 1,670 sps | loss=0.048215 | val=0.042896 | lr=8.81e-06
2026-07-02 05:55:14 | n6_b2p2 | samples= 35,333,888 | speed= 1,475 sps | loss=0.048223 | val=0.042872 | lr=6.61e-06
2026-07-02 05:56:22 | n6_b2p2 | samples= 35,433,984 | speed= 1,472 sps | loss=0.048228 | val=0.042854 | lr=4.96e-06
2026-07-02 05:57:22 | n6_b2p2 | samples= 35,534,080 | speed= 1,670 sps | loss=0.048188 | val=0.042856 | lr=3.72e-06
2026-07-02 05:58:22 | n6_b2p2 | samples= 35,634,176 | speed= 1,662 sps | loss=0.048191 | val=0.042855 | lr=2.79e-06
2026-07-02 05:59:37 | n6_b2p2 | samples= 35,734,272 | speed= 1,336 sps | loss=0.048203 | val=0.042852 | lr=2.79e-06
2026-07-02 06:00:45 | n6_b2p2 | samples= 35,834,368 | speed= 1,478 sps | loss=0.048147 | val=0.042817 | lr=2.09e-06
2026-07-02 06:01:45 | n6_b2p2 | samples= 35,934,464 | speed= 1,671 sps | loss=0.048187 | val=0.042864 | lr=1.57e-06
2026-07-02 06:02:45 | n6_b2p2 | samples= 36,034,560 | speed= 1,662 sps | loss=0.048212 | val=0.042864 | lr=1.18e-06
2026-07-02 06:03:45 | n6_b2p2 | samples= 36,134,656 | speed= 1,656 sps | loss=0.048189 | val=0.042867 | lr=1.18e-06
2026-07-02 06:04:47 | n6_b2p2 | samples= 36,234,752 | speed= 1,618 sps | loss=0.053229 | val=0.051662 | lr=1.01e-03
2026-07-02 06:05:49 | n6_b2p2 | samples= 36,334,848 | speed= 1,622 sps | loss=0.052433 | val=0.047237 | lr=7.58e-04
2026-07-02 06:06:50 | n6_b2p2 | samples= 36,434,944 | speed= 1,623 sps | loss=0.051228 | val=0.046128 | lr=5.68e-04
2026-07-02 06:07:52 | n6_b2p2 | samples= 36,535,040 | speed= 1,616 sps | loss=0.050519 | val=0.044930 | lr=4.26e-04
2026-07-02 06:08:54 | n6_b2p2 | samples= 36,635,136 | speed= 1,634 sps | loss=0.049910 | val=0.044727 | lr=4.26e-04
2026-07-02 06:09:54 | n6_b2p2 | samples= 36,735,232 | speed= 1,646 sps | loss=0.049384 | val=0.044097 | lr=3.23e-04
2026-07-02 06:10:56 | n6_b2p2 | samples= 36,835,328 | speed= 1,639 sps | loss=0.049263 | val=0.043940 | lr=3.26e-04
2026-07-02 06:11:57 | n6_b2p2 | samples= 36,935,424 | speed= 1,641 sps | loss=0.049252 | val=0.044059 | lr=3.29e-04
2026-07-02 06:12:58 | n6_b2p2 | samples= 37,035,520 | speed= 1,633 sps | loss=0.049167 | val=0.043933 | lr=3.33e-04
2026-07-02 06:13:59 | n6_b2p2 | samples= 37,135,616 | speed= 1,627 sps | loss=0.049133 | val=0.043914 | lr=3.39e-04
2026-07-02 06:15:00 | n6_b2p2 | samples= 37,235,712 | speed= 1,637 sps | loss=0.049045 | val=0.043583 | lr=2.60e-04
2026-07-02 06:16:02 | n6_b2p2 | samples= 37,335,808 | speed= 1,628 sps | loss=0.048702 | val=0.043486 | lr=2.62e-04
2026-07-02 06:17:03 | n6_b2p2 | samples= 37,435,904 | speed= 1,642 sps | loss=0.048673 | val=0.043436 | lr=2.62e-04
2026-07-02 06:18:04 | n6_b2p2 | samples= 37,536,000 | speed= 1,632 sps | loss=0.048335 | val=0.043036 | lr=2.01e-04
2026-07-02 06:19:05 | n6_b2p2 | samples= 37,636,096 | speed= 1,638 sps | loss=0.048311 | val=0.042912 | lr=2.01e-04
2026-07-02 06:20:15 | n6_b2p2 | samples= 37,736,192 | speed= 1,444 sps | loss=0.048143 | val=0.042678 | lr=1.50e-04
2026-07-02 06:21:22 | n6_b2p2 | samples= 37,836,288 | speed= 1,476 sps | loss=0.048000 | val=0.042510 | lr=1.13e-04
2026-07-02 06:22:30 | n6_b2p2 | samples= 37,936,384 | speed= 1,476 sps | loss=0.047829 | val=0.042478 | lr=1.15e-04
2026-07-02 06:23:41 | n6_b2p2 | samples= 38,036,480 | speed= 1,420 sps | loss=0.047811 | val=0.042453 | lr=1.19e-04
2026-07-02 06:24:49 | n6_b2p2 | samples= 38,136,576 | speed= 1,477 sps | loss=0.047776 | val=0.042328 | lr=8.89e-05
2026-07-02 06:25:56 | n6_b2p2 | samples= 38,236,672 | speed= 1,480 sps | loss=0.047669 | val=0.042265 | lr=8.89e-05
2026-07-02 06:27:04 | n6_b2p2 | samples= 38,336,768 | speed= 1,479 sps | loss=0.047585 | val=0.042178 | lr=6.67e-05
2026-07-02 06:28:12 | n6_b2p2 | samples= 38,436,864 | speed= 1,478 sps | loss=0.047537 | val=0.042151 | lr=6.74e-05
2026-07-02 06:29:20 | n6_b2p2 | samples= 38,536,960 | speed= 1,474 sps | loss=0.047567 | val=0.042118 | lr=5.05e-05
2026-07-02 06:30:45 | n6_b2p2 | samples= 38,637,056 | speed= 1,172 sps | loss=0.047470 | val=0.042049 | lr=3.79e-05
2026-07-02 06:31:44 | n6_b2p2 | samples= 38,737,152 | speed= 1,690 sps | loss=0.047389 | val=0.042057 | lr=3.83e-05
2026-07-02 06:32:59 | n6_b2p2 | samples= 38,837,248 | speed= 1,342 sps | loss=0.047397 | val=0.041977 | lr=2.87e-05
2026-07-02 06:34:06 | n6_b2p2 | samples= 38,937,344 | speed= 1,486 sps | loss=0.047327 | val=0.041976 | lr=2.90e-05
2026-07-02 06:35:13 | n6_b2p2 | samples= 39,037,440 | speed= 1,485 sps | loss=0.047303 | val=0.041957 | lr=2.17e-05
2026-07-02 06:36:21 | n6_b2p2 | samples= 39,137,536 | speed= 1,482 sps | loss=0.047253 | val=0.041922 | lr=1.63e-05
2026-07-02 06:37:29 | n6_b2p2 | samples= 39,237,632 | speed= 1,483 sps | loss=0.047291 | val=0.041903 | lr=1.63e-05
2026-07-02 06:38:28 | n6_b2p2 | samples= 39,337,728 | speed= 1,673 sps | loss=0.047274 | val=0.041932 | lr=1.22e-05
2026-07-02 06:39:37 | n6_b2p2 | samples= 39,437,824 | speed= 1,460 sps | loss=0.047293 | val=0.041903 | lr=9.17e-06
2026-07-02 06:41:22 | n6_b2p2 | samples= 39,537,920 | speed=   955 sps | loss=0.047136 | val=0.041877 | lr=6.88e-06
2026-07-02 06:42:20 | n6_b2p2 | samples= 39,638,016 | speed= 1,704 sps | loss=0.047238 | val=0.041878 | lr=5.16e-06
2026-07-02 06:43:20 | n6_b2p2 | samples= 39,738,112 | speed= 1,680 sps | loss=0.047169 | val=0.041895 | lr=5.16e-06
2026-07-02 06:44:28 | n6_b2p2 | samples= 39,838,208 | speed= 1,474 sps | loss=0.047258 | val=0.041875 | lr=3.87e-06
2026-07-02 06:45:36 | n6_b2p2 | samples= 39,938,304 | speed= 1,478 sps | loss=0.047279 | val=0.041863 | lr=2.90e-06
2026-07-02 06:46:43 | n6_b2p2 | samples= 40,038,400 | speed= 1,479 sps | loss=0.047263 | val=0.041861 | lr=2.18e-06
2026-07-02 06:47:51 | n6_b2p2 | samples= 40,138,496 | speed= 1,482 sps | loss=0.047244 | val=0.041856 | lr=2.18e-06
2026-07-02 06:48:51 | n6_b2p2 | samples= 40,238,592 | speed= 1,667 sps | loss=0.047220 | val=0.041882 | lr=1.63e-06
2026-07-02 06:49:51 | n6_b2p2 | samples= 40,338,688 | speed= 1,658 sps | loss=0.047250 | val=0.041866 | lr=1.22e-06
2026-07-02 06:50:52 | n6_b2p2 | samples= 40,438,784 | speed= 1,652 sps | loss=0.049828 | val=0.051828 | lr=1.03e-03
2026-07-02 06:51:53 | n6_b2p2 | samples= 40,538,880 | speed= 1,636 sps | loss=0.053103 | val=0.047299 | lr=7.73e-04
2026-07-02 06:52:54 | n6_b2p2 | samples= 40,638,976 | speed= 1,643 sps | loss=0.050988 | val=0.046928 | lr=7.73e-04
2026-07-02 06:53:55 | n6_b2p2 | samples= 40,739,072 | speed= 1,631 sps | loss=0.050106 | val=0.044927 | lr=5.80e-04
2026-07-02 06:54:57 | n6_b2p2 | samples= 40,839,168 | speed= 1,612 sps | loss=0.049377 | val=0.044077 | lr=4.35e-04
2026-07-02 06:55:59 | n6_b2p2 | samples= 40,939,264 | speed= 1,638 sps | loss=0.048881 | val=0.043452 | lr=3.26e-04
2026-07-02 06:57:00 | n6_b2p2 | samples= 41,039,360 | speed= 1,642 sps | loss=0.048457 | val=0.043083 | lr=2.44e-04
2026-07-02 06:58:02 | n6_b2p2 | samples= 41,139,456 | speed= 1,600 sps | loss=0.047972 | val=0.042764 | lr=2.44e-04
2026-07-02 06:59:04 | n6_b2p2 | samples= 41,239,552 | speed= 1,614 sps | loss=0.047810 | val=0.042406 | lr=1.83e-04
2026-07-02 07:00:06 | n6_b2p2 | samples= 41,339,648 | speed= 1,631 sps | loss=0.047647 | val=0.042220 | lr=1.39e-04
2026-07-02 07:01:07 | n6_b2p2 | samples= 41,439,744 | speed= 1,625 sps | loss=0.047464 | val=0.042122 | lr=1.40e-04
2026-07-02 07:02:09 | n6_b2p2 | samples= 41,539,840 | speed= 1,621 sps | loss=0.047406 | val=0.042063 | lr=1.43e-04
2026-07-02 07:03:11 | n6_b2p2 | samples= 41,639,936 | speed= 1,615 sps | loss=0.047377 | val=0.041927 | lr=1.07e-04
2026-07-02 07:04:13 | n6_b2p2 | samples= 41,740,032 | speed= 1,610 sps | loss=0.047220 | val=0.041858 | lr=1.08e-04
2026-07-02 07:05:28 | n6_b2p2 | samples= 41,840,128 | speed= 1,338 sps | loss=0.047095 | val=0.041807 | lr=1.08e-04
2026-07-02 07:06:36 | n6_b2p2 | samples= 41,940,224 | speed= 1,477 sps | loss=0.047054 | val=0.041715 | lr=8.13e-05
2026-07-02 07:07:43 | n6_b2p2 | samples= 42,040,320 | speed= 1,475 sps | loss=0.046970 | val=0.041620 | lr=6.10e-05
2026-07-02 07:08:51 | n6_b2p2 | samples= 42,140,416 | speed= 1,476 sps | loss=0.046894 | val=0.041552 | lr=4.57e-05
2026-07-02 07:09:59 | n6_b2p2 | samples= 42,240,512 | speed= 1,473 sps | loss=0.046863 | val=0.041543 | lr=4.62e-05
2026-07-02 07:11:07 | n6_b2p2 | samples= 42,340,608 | speed= 1,470 sps | loss=0.046810 | val=0.041515 | lr=4.67e-05
2026-07-02 07:12:15 | n6_b2p2 | samples= 42,440,704 | speed= 1,473 sps | loss=0.046725 | val=0.041471 | lr=3.50e-05
2026-07-02 07:13:27 | n6_b2p2 | samples= 42,540,800 | speed= 1,391 sps | loss=0.046717 | val=0.041410 | lr=2.62e-05
2026-07-02 07:14:30 | n6_b2p2 | samples= 42,640,896 | speed= 1,603 sps | loss=0.046696 | val=0.041418 | lr=2.62e-05
2026-07-02 07:15:39 | n6_b2p2 | samples= 42,740,992 | speed= 1,445 sps | loss=0.046693 | val=0.041378 | lr=1.97e-05
2026-07-02 07:16:47 | n6_b2p2 | samples= 42,841,088 | speed= 1,476 sps | loss=0.046707 | val=0.041357 | lr=1.48e-05
2026-07-02 07:17:54 | n6_b2p2 | samples= 42,941,184 | speed= 1,478 sps | loss=0.046639 | val=0.041340 | lr=1.11e-05
2026-07-02 07:18:55 | n6_b2p2 | samples= 43,041,280 | speed= 1,659 sps | loss=0.046591 | val=0.041340 | lr=1.13e-05
2026-07-02 07:20:04 | n6_b2p2 | samples= 43,141,376 | speed= 1,439 sps | loss=0.046630 | val=0.041319 | lr=1.13e-05
2026-07-02 07:21:12 | n6_b2p2 | samples= 43,241,472 | speed= 1,480 sps | loss=0.046592 | val=0.041305 | lr=8.47e-06
2026-07-02 07:22:12 | n6_b2p2 | samples= 43,341,568 | speed= 1,660 sps | loss=0.046560 | val=0.041321 | lr=6.35e-06
2026-07-02 07:23:22 | n6_b2p2 | samples= 43,441,664 | speed= 1,436 sps | loss=0.046609 | val=0.041302 | lr=4.76e-06
2026-07-02 07:24:22 | n6_b2p2 | samples= 43,541,760 | speed= 1,661 sps | loss=0.046623 | val=0.041329 | lr=4.76e-06
2026-07-02 07:25:36 | n6_b2p2 | samples= 43,641,856 | speed= 1,355 sps | loss=0.046626 | val=0.041294 | lr=3.57e-06
2026-07-02 07:26:36 | n6_b2p2 | samples= 43,741,952 | speed= 1,666 sps | loss=0.046590 | val=0.041316 | lr=2.68e-06
2026-07-02 07:27:37 | n6_b2p2 | samples= 43,842,048 | speed= 1,645 sps | loss=0.046531 | val=0.041314 | lr=2.01e-06
2026-07-02 07:28:39 | n6_b2p2 | samples= 43,942,144 | speed= 1,606 sps | loss=0.046574 | val=0.041323 | lr=1.51e-06
2026-07-02 07:29:41 | n6_b2p2 | samples= 44,042,240 | speed= 1,613 sps | loss=0.046544 | val=0.041303 | lr=1.51e-06
2026-07-02 07:30:43 | n6_b2p2 | samples= 44,142,336 | speed= 1,613 sps | loss=0.046524 | val=0.041308 | lr=1.13e-06
2026-07-02 07:31:46 | n6_b2p2 | samples= 44,242,432 | speed= 1,604 sps | loss=0.049860 | val=0.052163 | lr=1.01e-03
2026-07-02 07:32:48 | n6_b2p2 | samples= 44,342,528 | speed= 1,612 sps | loss=0.052302 | val=0.047139 | lr=7.58e-04
2026-07-02 07:33:50 | n6_b2p2 | samples= 44,442,624 | speed= 1,612 sps | loss=0.050410 | val=0.046392 | lr=7.58e-04
2026-07-02 07:34:52 | n6_b2p2 | samples= 44,542,720 | speed= 1,606 sps | loss=0.049398 | val=0.044734 | lr=5.68e-04
2026-07-02 07:35:54 | n6_b2p2 | samples= 44,642,816 | speed= 1,631 sps | loss=0.048692 | val=0.043653 | lr=4.30e-04
2026-07-02 07:36:57 | n6_b2p2 | samples= 44,742,912 | speed= 1,590 sps | loss=0.048358 | val=0.043545 | lr=4.43e-04
2026-07-02 07:37:59 | n6_b2p2 | samples= 44,843,008 | speed= 1,610 sps | loss=0.048345 | val=0.043666 | lr=4.48e-04
2026-07-02 07:39:01 | n6_b2p2 | samples= 44,943,104 | speed= 1,600 sps | loss=0.048388 | val=0.043695 | lr=4.52e-04
2026-07-02 07:40:04 | n6_b2p2 | samples= 45,043,200 | speed= 1,600 sps | loss=0.048104 | val=0.042842 | lr=3.39e-04
2026-07-02 07:41:07 | n6_b2p2 | samples= 45,143,296 | speed= 1,597 sps | loss=0.047616 | val=0.042286 | lr=2.57e-04
2026-07-02 07:42:09 | n6_b2p2 | samples= 45,243,392 | speed= 1,616 sps | loss=0.047315 | val=0.042168 | lr=2.62e-04
2026-07-02 07:43:11 | n6_b2p2 | samples= 45,343,488 | speed= 1,592 sps | loss=0.047287 | val=0.042082 | lr=2.62e-04
2026-07-02 07:44:14 | n6_b2p2 | samples= 45,443,584 | speed= 1,604 sps | loss=0.047031 | val=0.041723 | lr=2.01e-04
2026-07-02 07:45:16 | n6_b2p2 | samples= 45,543,680 | speed= 1,606 sps | loss=0.046913 | val=0.041595 | lr=2.01e-04
2026-07-02 07:46:18 | n6_b2p2 | samples= 45,643,776 | speed= 1,609 sps | loss=0.046759 | val=0.041319 | lr=1.55e-04
2026-07-02 07:47:28 | n6_b2p2 | samples= 45,743,872 | speed= 1,431 sps | loss=0.046602 | val=0.041154 | lr=1.17e-04
2026-07-02 07:48:38 | n6_b2p2 | samples= 45,843,968 | speed= 1,447 sps | loss=0.046433 | val=0.041049 | lr=1.17e-04
2026-07-02 07:49:45 | n6_b2p2 | samples= 45,944,064 | speed= 1,476 sps | loss=0.046267 | val=0.040948 | lr=8.80e-05
2026-07-02 07:50:54 | n6_b2p2 | samples= 46,044,160 | speed= 1,456 sps | loss=0.046167 | val=0.040830 | lr=6.67e-05
2026-07-02 07:52:03 | n6_b2p2 | samples= 46,144,256 | speed= 1,454 sps | loss=0.046100 | val=0.040779 | lr=6.80e-05
2026-07-02 07:53:12 | n6_b2p2 | samples= 46,244,352 | speed= 1,456 sps | loss=0.046048 | val=0.040718 | lr=5.10e-05
2026-07-02 07:55:02 | n6_b2p2 | samples= 46,344,448 | speed=   905 sps | loss=0.046082 | val=0.040677 | lr=3.83e-05
2026-07-02 07:56:09 | n6_b2p2 | samples= 46,444,544 | speed= 1,508 sps | loss=0.045974 | val=0.040671 | lr=3.83e-05
2026-07-02 07:57:20 | n6_b2p2 | samples= 46,544,640 | speed= 1,409 sps | loss=0.045896 | val=0.040634 | lr=2.96e-05
2026-07-02 07:58:28 | n6_b2p2 | samples= 46,644,736 | speed= 1,471 sps | loss=0.045876 | val=0.040627 | lr=2.22e-05
2026-07-02 07:59:37 | n6_b2p2 | samples= 46,744,832 | speed= 1,449 sps | loss=0.045927 | val=0.040545 | lr=2.24e-05
2026-07-02 08:00:38 | n6_b2p2 | samples= 46,844,928 | speed= 1,629 sps | loss=0.045844 | val=0.040572 | lr=2.29e-05
2026-07-02 08:01:54 | n6_b2p2 | samples= 46,945,024 | speed= 1,320 sps | loss=0.045815 | val=0.040542 | lr=1.71e-05
2026-07-02 08:03:01 | n6_b2p2 | samples= 47,045,120 | speed= 1,485 sps | loss=0.045812 | val=0.040519 | lr=1.30e-05
2026-07-02 08:04:02 | n6_b2p2 | samples= 47,145,216 | speed= 1,661 sps | loss=0.045845 | val=0.040523 | lr=1.30e-05
2026-07-02 08:05:05 | n6_b2p2 | samples= 47,245,312 | speed= 1,592 sps | loss=0.045800 | val=0.040531 | lr=9.74e-06
2026-07-02 08:06:07 | n6_b2p2 | samples= 47,345,408 | speed= 1,598 sps | loss=0.045823 | val=0.040521 | lr=7.30e-06
2026-07-02 08:07:18 | n6_b2p2 | samples= 47,445,504 | speed= 1,424 sps | loss=0.045782 | val=0.040500 | lr=5.48e-06
2026-07-02 08:08:26 | n6_b2p2 | samples= 47,545,600 | speed= 1,473 sps | loss=0.045736 | val=0.040491 | lr=5.48e-06
2026-07-02 08:09:26 | n6_b2p2 | samples= 47,645,696 | speed= 1,659 sps | loss=0.045741 | val=0.040507 | lr=4.11e-06
2026-07-02 08:10:36 | n6_b2p2 | samples= 47,745,792 | speed= 1,428 sps | loss=0.045764 | val=0.040465 | lr=3.08e-06
2026-07-02 08:11:38 | n6_b2p2 | samples= 47,845,888 | speed= 1,625 sps | loss=0.045756 | val=0.040472 | lr=2.31e-06
2026-07-02 08:12:40 | n6_b2p2 | samples= 47,945,984 | speed= 1,592 sps | loss=0.045783 | val=0.040480 | lr=1.73e-06
2026-07-02 08:13:50 | n6_b2p2 | samples= 48,046,080 | speed= 1,431 sps | loss=0.045756 | val=0.040464 | lr=1.73e-06
2026-07-02 08:15:20 | n6_b2p2 | samples= 48,146,176 | speed= 1,111 sps | loss=0.045686 | val=0.040458 | lr=1.30e-06
2026-07-02 08:16:20 | n6_b2p2 | samples= 48,246,272 | speed= 1,683 sps | loss=0.049494 | val=0.051825 | lr=1.02e-03
2026-07-02 08:17:21 | n6_b2p2 | samples= 48,346,368 | speed= 1,628 sps | loss=0.051837 | val=0.046820 | lr=7.65e-04
2026-07-02 08:18:23 | n6_b2p2 | samples= 48,446,464 | speed= 1,622 sps | loss=0.049802 | val=0.046398 | lr=7.65e-04
2026-07-02 08:19:26 | n6_b2p2 | samples= 48,546,560 | speed= 1,582 sps | loss=0.048674 | val=0.044271 | lr=5.74e-04
2026-07-02 08:20:29 | n6_b2p2 | samples= 48,646,656 | speed= 1,592 sps | loss=0.047997 | val=0.043254 | lr=4.30e-04
2026-07-02 08:21:32 | n6_b2p2 | samples= 48,746,752 | speed= 1,599 sps | loss=0.047561 | val=0.042123 | lr=3.23e-04
2026-07-02 08:22:35 | n6_b2p2 | samples= 48,846,848 | speed= 1,597 sps | loss=0.047094 | val=0.041644 | lr=2.44e-04
2026-07-02 08:23:37 | n6_b2p2 | samples= 48,946,944 | speed= 1,593 sps | loss=0.046700 | val=0.041452 | lr=2.47e-04
2026-07-02 08:24:40 | n6_b2p2 | samples= 49,047,040 | speed= 1,591 sps | loss=0.046670 | val=0.041474 | lr=2.52e-04
2026-07-02 08:25:43 | n6_b2p2 | samples= 49,147,136 | speed= 1,594 sps | loss=0.046545 | val=0.041405 | lr=2.52e-04
2026-07-02 08:26:46 | n6_b2p2 | samples= 49,247,232 | speed= 1,585 sps | loss=0.046365 | val=0.041039 | lr=1.91e-04
2026-07-02 08:27:50 | n6_b2p2 | samples= 49,347,328 | speed= 1,583 sps | loss=0.046267 | val=0.040971 | lr=1.93e-04
2026-07-02 08:28:53 | n6_b2p2 | samples= 49,447,424 | speed= 1,575 sps | loss=0.046124 | val=0.040809 | lr=1.46e-04
2026-07-02 08:29:57 | n6_b2p2 | samples= 49,547,520 | speed= 1,571 sps | loss=0.046019 | val=0.040705 | lr=1.49e-04
2026-07-02 08:31:00 | n6_b2p2 | samples= 49,647,616 | speed= 1,590 sps | loss=0.045920 | val=0.040499 | lr=1.12e-04
2026-07-02 08:32:15 | n6_b2p2 | samples= 49,747,712 | speed= 1,334 sps | loss=0.045738 | val=0.040417 | lr=1.14e-04
2026-07-02 08:33:24 | n6_b2p2 | samples= 49,847,808 | speed= 1,453 sps | loss=0.045683 | val=0.040319 | lr=8.55e-05
2026-07-02 08:34:33 | n6_b2p2 | samples= 49,947,904 | speed= 1,451 sps | loss=0.045536 | val=0.040241 | lr=8.72e-05
2026-07-02 08:35:42 | n6_b2p2 | samples= 50,048,000 | speed= 1,446 sps | loss=0.045581 | val=0.040205 | lr=8.72e-05
2026-07-02 08:36:57 | n6_b2p2 | samples= 50,148,072 | speed= 1,333 sps | loss=0.045427 | val=0.040114 | lr=6.54e-05
2026-07-02 08:37:59 | n6_b2p2 | samples= 50,248,168 | speed= 1,622 sps | loss=0.045382 | val=0.040117 | lr=6.67e-05
2026-07-02 08:39:16 | n6_b2p2 | samples= 50,348,264 | speed= 1,301 sps | loss=0.045352 | val=0.040066 | lr=6.67e-05
2026-07-02 08:40:24 | n6_b2p2 | samples= 50,448,360 | speed= 1,473 sps | loss=0.045241 | val=0.040019 | lr=5.05e-05
2026-07-02 08:41:33 | n6_b2p2 | samples= 50,548,456 | speed= 1,435 sps | loss=0.045306 | val=0.039968 | lr=3.79e-05
