2026-07-02 14:13:00 | n6_s96_lion | samples=    100,096 | speed=     0 sps | loss=0.290891 | val=0.164316 | lr=1.90e-05
2026-07-02 14:14:11 | n6_s96_lion | samples=    200,192 | speed= 1,409 sps | loss=0.158588 | val=0.151662 | lr=2.80e-05
2026-07-02 14:15:22 | n6_s96_lion | samples=    300,288 | speed= 1,397 sps | loss=0.149816 | val=0.145257 | lr=3.70e-05
2026-07-02 14:16:37 | n6_s96_lion | samples=    400,384 | speed= 1,335 sps | loss=0.142951 | val=0.136608 | lr=4.60e-05
2026-07-02 14:17:50 | n6_s96_lion | samples=    500,480 | speed= 1,368 sps | loss=0.132256 | val=0.124160 | lr=5.50e-05
2026-07-02 14:19:34 | n6_s96_lion | samples=    600,576 | speed=   966 sps | loss=0.121564 | val=0.114706 | lr=6.40e-05
2026-07-02 14:20:45 | n6_s96_lion | samples=    700,672 | speed= 1,404 sps | loss=0.114121 | val=0.108864 | lr=7.30e-05
2026-07-02 14:21:58 | n6_s96_lion | samples=    800,768 | speed= 1,373 sps | loss=0.109671 | val=0.105546 | lr=8.21e-05
2026-07-02 14:23:12 | n6_s96_lion | samples=    900,864 | speed= 1,351 sps | loss=0.107191 | val=0.103406 | lr=9.11e-05
2026-07-02 14:24:26 | n6_s96_lion | samples=  1,000,960 | speed= 1,356 sps | loss=0.105395 | val=0.101776 | lr=1.02e-04
2026-07-02 14:25:40 | n6_s96_lion | samples=  1,101,056 | speed= 1,351 sps | loss=0.104049 | val=0.100486 | lr=1.08e-04
2026-07-02 14:26:54 | n6_s96_lion | samples=  1,201,152 | speed= 1,355 sps | loss=0.102458 | val=0.098707 | lr=1.12e-04
2026-07-02 14:28:09 | n6_s96_lion | samples=  1,301,248 | speed= 1,342 sps | loss=0.101094 | val=0.097489 | lr=1.21e-04
2026-07-02 14:29:25 | n6_s96_lion | samples=  1,401,344 | speed= 1,317 sps | loss=0.099849 | val=0.096136 | lr=1.28e-04
2026-07-02 14:30:39 | n6_s96_lion | samples=  1,501,440 | speed= 1,351 sps | loss=0.098640 | val=0.094843 | lr=1.33e-04
2026-07-02 14:31:53 | n6_s96_lion | samples=  1,601,536 | speed= 1,344 sps | loss=0.097386 | val=0.093576 | lr=1.43e-04
2026-07-02 14:33:08 | n6_s96_lion | samples=  1,701,632 | speed= 1,346 sps | loss=0.096258 | val=0.092441 | lr=1.50e-04
2026-07-02 14:34:22 | n6_s96_lion | samples=  1,801,728 | speed= 1,346 sps | loss=0.095091 | val=0.091069 | lr=1.58e-04
2026-07-02 14:36:06 | n6_s96_lion | samples=  1,901,824 | speed=   965 sps | loss=0.093954 | val=0.089825 | lr=1.63e-04
2026-07-02 14:37:17 | n6_s96_lion | samples=  2,001,920 | speed= 1,401 sps | loss=0.092685 | val=0.088494 | lr=1.69e-04
2026-07-02 14:38:33 | n6_s96_lion | samples=  2,102,016 | speed= 1,320 sps | loss=0.091512 | val=0.087417 | lr=1.83e-04
2026-07-02 14:39:47 | n6_s96_lion | samples=  2,202,112 | speed= 1,354 sps | loss=0.090415 | val=0.086152 | lr=1.91e-04
2026-07-02 14:41:01 | n6_s96_lion | samples=  2,302,208 | speed= 1,345 sps | loss=0.089155 | val=0.084896 | lr=2.03e-04
2026-07-02 14:42:16 | n6_s96_lion | samples=  2,402,304 | speed= 1,348 sps | loss=0.087893 | val=0.083414 | lr=2.09e-04
2026-07-02 14:43:30 | n6_s96_lion | samples=  2,502,400 | speed= 1,352 sps | loss=0.086611 | val=0.081978 | lr=2.19e-04
2026-07-02 14:44:44 | n6_s96_lion | samples=  2,602,496 | speed= 1,342 sps | loss=0.085261 | val=0.080695 | lr=2.28e-04
2026-07-02 14:45:58 | n6_s96_lion | samples=  2,702,592 | speed= 1,347 sps | loss=0.083907 | val=0.079248 | lr=2.35e-04
2026-07-02 14:47:13 | n6_s96_lion | samples=  2,802,688 | speed= 1,350 sps | loss=0.082674 | val=0.077949 | lr=2.40e-04
2026-07-02 14:48:27 | n6_s96_lion | samples=  2,902,784 | speed= 1,343 sps | loss=0.081504 | val=0.076583 | lr=2.55e-04
2026-07-02 14:49:42 | n6_s96_lion | samples=  3,002,880 | speed= 1,341 sps | loss=0.080386 | val=0.075580 | lr=2.68e-04
2026-07-02 14:50:58 | n6_s96_lion | samples=  3,102,976 | speed= 1,309 sps | loss=0.079475 | val=0.074341 | lr=2.76e-04
2026-07-02 14:52:13 | n6_s96_lion | samples=  3,203,072 | speed= 1,348 sps | loss=0.078321 | val=0.073274 | lr=2.81e-04
2026-07-02 14:53:56 | n6_s96_lion | samples=  3,303,168 | speed=   963 sps | loss=0.077187 | val=0.071846 | lr=2.96e-04
2026-07-02 14:55:08 | n6_s96_lion | samples=  3,403,264 | speed= 1,401 sps | loss=0.076181 | val=0.070646 | lr=2.99e-04
2026-07-02 14:56:22 | n6_s96_lion | samples=  3,503,360 | speed= 1,359 sps | loss=0.074974 | val=0.069326 | lr=3.11e-04
2026-07-02 14:57:36 | n6_s96_lion | samples=  3,603,456 | speed= 1,348 sps | loss=0.073981 | val=0.067968 | lr=3.14e-04
2026-07-02 14:58:50 | n6_s96_lion | samples=  3,703,552 | speed= 1,349 sps | loss=0.072811 | val=0.066950 | lr=3.30e-04
2026-07-02 15:00:07 | n6_s96_lion | samples=  3,803,648 | speed= 1,300 sps | loss=0.071807 | val=0.065265 | lr=3.33e-04
2026-07-02 15:01:21 | n6_s96_lion | samples=  3,903,744 | speed= 1,344 sps | loss=0.070705 | val=0.064240 | lr=3.50e-04
2026-07-02 15:02:36 | n6_s96_lion | samples=  4,003,840 | speed= 1,342 sps | loss=0.069937 | val=0.063531 | lr=3.57e-04
2026-07-02 15:03:50 | n6_s96_lion | samples=  4,103,936 | speed= 1,351 sps | loss=0.069184 | val=0.062886 | lr=3.65e-04
2026-07-02 15:05:04 | n6_s96_lion | samples=  4,204,032 | speed= 1,347 sps | loss=0.068261 | val=0.061679 | lr=3.76e-04
2026-07-02 15:06:19 | n6_s96_lion | samples=  4,304,128 | speed= 1,347 sps | loss=0.067626 | val=0.061203 | lr=3.83e-04
2026-07-02 15:07:33 | n6_s96_lion | samples=  4,404,224 | speed= 1,348 sps | loss=0.066315 | val=0.058395 | lr=3.05e-04
2026-07-02 15:08:48 | n6_s96_lion | samples=  4,504,320 | speed= 1,341 sps | loss=0.064451 | val=0.057882 | lr=3.14e-04
2026-07-02 15:10:02 | n6_s96_lion | samples=  4,604,416 | speed= 1,349 sps | loss=0.063840 | val=0.056949 | lr=3.24e-04
2026-07-02 15:11:16 | n6_s96_lion | samples=  4,704,512 | speed= 1,342 sps | loss=0.063370 | val=0.056544 | lr=3.30e-04
2026-07-02 15:13:00 | n6_s96_lion | samples=  4,804,608 | speed=   962 sps | loss=0.062780 | val=0.054803 | lr=2.48e-04
2026-07-02 15:14:12 | n6_s96_lion | samples=  4,904,704 | speed= 1,401 sps | loss=0.060878 | val=0.053538 | lr=2.58e-04
2026-07-02 15:15:25 | n6_s96_lion | samples=  5,004,800 | speed= 1,361 sps | loss=0.060232 | val=0.053042 | lr=2.66e-04
2026-07-02 15:16:40 | n6_s96_lion | samples=  5,104,896 | speed= 1,342 sps | loss=0.059856 | val=0.052999 | lr=2.74e-04
2026-07-02 15:17:54 | n6_s96_lion | samples=  5,204,992 | speed= 1,351 sps | loss=0.059500 | val=0.052371 | lr=2.74e-04
2026-07-02 15:19:09 | n6_s96_lion | samples=  5,305,088 | speed= 1,345 sps | loss=0.058317 | val=0.050771 | lr=2.16e-04
2026-07-02 15:20:23 | n6_s96_lion | samples=  5,405,184 | speed= 1,342 sps | loss=0.057451 | val=0.050089 | lr=2.22e-04
2026-07-02 15:21:38 | n6_s96_lion | samples=  5,505,280 | speed= 1,343 sps | loss=0.057276 | val=0.049892 | lr=2.29e-04
2026-07-02 15:22:52 | n6_s96_lion | samples=  5,605,376 | speed= 1,343 sps | loss=0.057047 | val=0.049470 | lr=2.31e-04
2026-07-02 15:24:06 | n6_s96_lion | samples=  5,705,472 | speed= 1,347 sps | loss=0.056026 | val=0.048020 | lr=1.81e-04
2026-07-02 15:25:22 | n6_s96_lion | samples=  5,805,568 | speed= 1,320 sps | loss=0.055150 | val=0.047672 | lr=1.90e-04
2026-07-02 15:26:37 | n6_s96_lion | samples=  5,905,664 | speed= 1,342 sps | loss=0.055071 | val=0.047186 | lr=1.92e-04
2026-07-02 15:27:46 | n6_s96_lion | samples=  6,005,760 | speed= 1,456 sps | loss=0.054674 | val=0.047308 | lr=1.94e-04
2026-07-02 15:29:01 | n6_s96_lion | samples=  6,105,856 | speed= 1,334 sps | loss=0.054339 | val=0.046159 | lr=1.48e-04
2026-07-02 15:30:15 | n6_s96_lion | samples=  6,205,952 | speed= 1,341 sps | loss=0.053256 | val=0.045313 | lr=1.53e-04
2026-07-02 15:31:24 | n6_s96_lion | samples=  6,306,048 | speed= 1,451 sps | loss=0.052942 | val=0.045325 | lr=1.57e-04
2026-07-02 15:32:40 | n6_s96_lion | samples=  6,406,144 | speed= 1,329 sps | loss=0.052701 | val=0.044842 | lr=1.59e-04
2026-07-02 15:34:24 | n6_s96_lion | samples=  6,506,240 | speed=   959 sps | loss=0.051993 | val=0.043708 | lr=1.24e-04
2026-07-02 15:35:35 | n6_s96_lion | samples=  6,606,336 | speed= 1,402 sps | loss=0.051561 | val=0.043475 | lr=1.28e-04
2026-07-02 15:36:51 | n6_s96_lion | samples=  6,706,432 | speed= 1,320 sps | loss=0.051265 | val=0.043267 | lr=1.29e-04
2026-07-02 15:38:05 | n6_s96_lion | samples=  6,806,528 | speed= 1,351 sps | loss=0.051059 | val=0.043109 | lr=1.33e-04
2026-07-02 15:39:20 | n6_s96_lion | samples=  6,906,624 | speed= 1,340 sps | loss=0.050877 | val=0.042862 | lr=1.35e-04
2026-07-02 15:40:34 | n6_s96_lion | samples=  7,006,720 | speed= 1,348 sps | loss=0.050793 | val=0.042554 | lr=1.35e-04
2026-07-02 15:41:49 | n6_s96_lion | samples=  7,106,816 | speed= 1,347 sps | loss=0.050034 | val=0.041540 | lr=1.03e-04
2026-07-02 15:43:03 | n6_s96_lion | samples=  7,206,912 | speed= 1,341 sps | loss=0.049333 | val=0.040865 | lr=7.85e-05
2026-07-02 15:44:18 | n6_s96_lion | samples=  7,307,008 | speed= 1,338 sps | loss=0.048697 | val=0.040489 | lr=8.09e-05
2026-07-02 15:45:32 | n6_s96_lion | samples=  7,407,104 | speed= 1,349 sps | loss=0.048522 | val=0.040404 | lr=8.34e-05
2026-07-02 15:46:47 | n6_s96_lion | samples=  7,507,200 | speed= 1,344 sps | loss=0.048325 | val=0.039908 | lr=6.31e-05
2026-07-02 15:48:06 | n6_s96_lion | samples=  7,607,296 | speed= 1,263 sps | loss=0.047849 | val=0.039526 | lr=6.31e-05
2026-07-02 15:49:23 | n6_s96_lion | samples=  7,707,392 | speed= 1,294 sps | loss=0.047449 | val=0.039096 | lr=4.78e-05
2026-07-02 15:50:38 | n6_s96_lion | samples=  7,807,488 | speed= 1,333 sps | loss=0.046975 | val=0.038871 | lr=4.83e-05
2026-07-02 15:51:53 | n6_s96_lion | samples=  7,907,584 | speed= 1,336 sps | loss=0.046931 | val=0.038730 | lr=4.88e-05
2026-07-02 15:53:08 | n6_s96_lion | samples=  8,007,680 | speed= 1,335 sps | loss=0.046797 | val=0.038598 | lr=4.93e-05
2026-07-02 15:54:24 | n6_s96_lion | samples=  8,107,776 | speed= 1,316 sps | loss=0.046642 | val=0.038268 | lr=3.73e-05
2026-07-02 15:56:08 | n6_s96_lion | samples=  8,207,872 | speed=   962 sps | loss=0.046357 | val=0.038027 | lr=2.80e-05
2026-07-02 15:57:20 | n6_s96_lion | samples=  8,307,968 | speed= 1,398 sps | loss=0.046110 | val=0.037799 | lr=2.86e-05
2026-07-02 15:58:37 | n6_s96_lion | samples=  8,408,064 | speed= 1,306 sps | loss=0.045867 | val=0.037747 | lr=2.91e-05
2026-07-02 15:59:45 | n6_s96_lion | samples=  8,508,160 | speed= 1,460 sps | loss=0.046282 | val=0.037859 | lr=2.19e-05
2026-07-02 16:01:01 | n6_s96_lion | samples=  8,608,256 | speed= 1,322 sps | loss=0.045806 | val=0.037403 | lr=1.64e-05
2026-07-02 16:02:16 | n6_s96_lion | samples=  8,708,352 | speed= 1,341 sps | loss=0.045431 | val=0.037165 | lr=1.66e-05
2026-07-02 16:03:30 | n6_s96_lion | samples=  8,808,448 | speed= 1,338 sps | loss=0.045352 | val=0.037038 | lr=1.24e-05
2026-07-02 16:04:45 | n6_s96_lion | samples=  8,908,544 | speed= 1,340 sps | loss=0.045076 | val=0.036923 | lr=9.31e-06
2026-07-02 16:06:00 | n6_s96_lion | samples=  9,008,640 | speed= 1,336 sps | loss=0.045077 | val=0.036853 | lr=6.98e-06
2026-07-02 16:07:15 | n6_s96_lion | samples=  9,108,736 | speed= 1,337 sps | loss=0.044942 | val=0.036757 | lr=6.98e-06
2026-07-02 16:08:30 | n6_s96_lion | samples=  9,208,832 | speed= 1,340 sps | loss=0.044868 | val=0.036694 | lr=5.29e-06
2026-07-02 16:09:44 | n6_s96_lion | samples=  9,308,928 | speed= 1,343 sps | loss=0.044863 | val=0.036673 | lr=3.97e-06
2026-07-02 16:10:59 | n6_s96_lion | samples=  9,409,024 | speed= 1,342 sps | loss=0.044746 | val=0.036597 | lr=3.97e-06
2026-07-02 16:12:15 | n6_s96_lion | samples=  9,509,120 | speed= 1,307 sps | loss=0.044690 | val=0.036590 | lr=4.01e-06
2026-07-02 16:13:30 | n6_s96_lion | samples=  9,609,216 | speed= 1,343 sps | loss=0.044702 | val=0.036564 | lr=3.01e-06
2026-07-02 16:14:44 | n6_s96_lion | samples=  9,709,312 | speed= 1,344 sps | loss=0.044549 | val=0.036514 | lr=2.25e-06
2026-07-02 16:15:59 | n6_s96_lion | samples=  9,809,408 | speed= 1,341 sps | loss=0.044584 | val=0.036505 | lr=1.69e-06
2026-07-02 16:17:14 | n6_s96_lion | samples=  9,909,504 | speed= 1,336 sps | loss=0.044610 | val=0.036416 | lr=1.69e-06
2026-07-02 16:18:23 | n6_s96_lion | samples= 10,009,600 | speed= 1,455 sps | loss=0.044564 | val=0.036443 | lr=1.27e-06
2026-07-02 16:19:33 | n6_s96_lion | samples= 10,109,696 | speed= 1,418 sps | loss=0.045597 | val=0.038652 | lr=1.02e-04
2026-07-02 16:20:44 | n6_s96_lion | samples= 10,209,792 | speed= 1,423 sps | loss=0.047350 | val=0.038648 | lr=7.65e-05
2026-07-02 16:21:54 | n6_s96_lion | samples= 10,309,888 | speed= 1,417 sps | loss=0.046794 | val=0.038241 | lr=7.65e-05
2026-07-02 16:23:05 | n6_s96_lion | samples= 10,409,984 | speed= 1,416 sps | loss=0.046272 | val=0.037711 | lr=5.80e-05
2026-07-02 16:24:15 | n6_s96_lion | samples= 10,510,080 | speed= 1,426 sps | loss=0.045997 | val=0.037599 | lr=5.85e-05
2026-07-02 16:25:25 | n6_s96_lion | samples= 10,610,176 | speed= 1,426 sps | loss=0.045942 | val=0.037222 | lr=4.39e-05
2026-07-02 16:26:35 | n6_s96_lion | samples= 10,710,272 | speed= 1,429 sps | loss=0.045491 | val=0.036867 | lr=3.29e-05
2026-07-02 16:27:46 | n6_s96_lion | samples= 10,810,368 | speed= 1,419 sps | loss=0.045094 | val=0.036612 | lr=3.36e-05
2026-07-02 16:29:37 | n6_s96_lion | samples= 10,910,464 | speed=   899 sps | loss=0.044969 | val=0.036343 | lr=2.52e-05
2026-07-02 16:30:53 | n6_s96_lion | samples= 11,010,560 | speed= 1,321 sps | loss=0.044594 | val=0.036150 | lr=1.89e-05
2026-07-02 16:32:24 | n6_s96_lion | samples= 11,110,656 | speed= 1,092 sps | loss=0.044326 | val=0.036004 | lr=1.89e-05
2026-07-02 16:33:53 | n6_s96_lion | samples= 11,210,752 | speed= 1,130 sps | loss=0.044243 | val=0.035828 | lr=1.42e-05
2026-07-02 16:35:27 | n6_s96_lion | samples= 11,310,848 | speed= 1,065 sps | loss=0.044140 | val=0.035675 | lr=1.06e-05
2026-07-02 16:36:49 | n6_s96_lion | samples= 11,410,944 | speed= 1,217 sps | loss=0.044058 | val=0.035678 | lr=1.07e-05
2026-07-02 16:38:13 | n6_s96_lion | samples= 11,511,040 | speed= 1,200 sps | loss=0.043974 | val=0.035589 | lr=8.05e-06
2026-07-02 16:39:27 | n6_s96_lion | samples= 11,611,136 | speed= 1,341 sps | loss=0.043793 | val=0.035469 | lr=6.04e-06
2026-07-02 16:40:51 | n6_s96_lion | samples= 11,711,232 | speed= 1,198 sps | loss=0.043633 | val=0.035426 | lr=6.10e-06
2026-07-02 16:42:17 | n6_s96_lion | samples= 11,811,328 | speed= 1,168 sps | loss=0.043712 | val=0.035392 | lr=4.57e-06
2026-07-02 16:43:40 | n6_s96_lion | samples= 11,911,424 | speed= 1,207 sps | loss=0.043495 | val=0.035303 | lr=3.43e-06
2026-07-02 16:44:56 | n6_s96_lion | samples= 12,011,520 | speed= 1,316 sps | loss=0.043593 | val=0.035297 | lr=3.43e-06
2026-07-02 16:46:14 | n6_s96_lion | samples= 12,111,616 | speed= 1,278 sps | loss=0.043553 | val=0.035269 | lr=2.57e-06
2026-07-02 16:47:23 | n6_s96_lion | samples= 12,211,712 | speed= 1,440 sps | loss=0.043470 | val=0.035272 | lr=1.93e-06
2026-07-02 16:48:40 | n6_s96_lion | samples= 12,311,808 | speed= 1,301 sps | loss=0.043546 | val=0.035244 | lr=1.45e-06
2026-07-02 16:50:07 | n6_s96_lion | samples= 12,411,904 | speed= 1,159 sps | loss=0.043364 | val=0.035186 | lr=1.09e-06
2026-07-02 16:51:41 | n6_s96_lion | samples= 12,512,000 | speed= 1,064 sps | loss=0.043426 | val=0.035173 | lr=1.09e-06
2026-07-02 16:53:06 | n6_s96_lion | samples= 12,612,096 | speed= 1,174 sps | loss=0.045566 | val=0.038135 | lr=1.03e-04
2026-07-02 16:54:33 | n6_s96_lion | samples= 12,712,192 | speed= 1,152 sps | loss=0.046513 | val=0.037378 | lr=7.73e-05
2026-07-02 16:56:03 | n6_s96_lion | samples= 12,812,288 | speed= 1,115 sps | loss=0.045913 | val=0.037446 | lr=5.80e-05
2026-07-02 16:57:32 | n6_s96_lion | samples= 12,912,384 | speed= 1,116 sps | loss=0.045566 | val=0.036661 | lr=5.80e-05
2026-07-02 16:59:01 | n6_s96_lion | samples= 13,012,480 | speed= 1,130 sps | loss=0.044878 | val=0.036107 | lr=4.39e-05
2026-07-02 17:00:33 | n6_s96_lion | samples= 13,112,576 | speed= 1,090 sps | loss=0.044546 | val=0.036047 | lr=4.43e-05
