2026-07-02 11:45:09 | n6_b2p2_lion | samples=    100,096 | speed=     0 sps | loss=0.300968 | val=0.170564 | lr=1.90e-05
2026-07-02 11:46:17 | n6_b2p2_lion | samples=    200,192 | speed= 1,480 sps | loss=0.163874 | val=0.156686 | lr=2.80e-05
2026-07-02 11:47:25 | n6_b2p2_lion | samples=    300,288 | speed= 1,458 sps | loss=0.155002 | val=0.151263 | lr=3.70e-05
2026-07-02 11:48:35 | n6_b2p2_lion | samples=    400,384 | speed= 1,436 sps | loss=0.150967 | val=0.147839 | lr=4.60e-05
2026-07-02 11:49:45 | n6_b2p2_lion | samples=    500,480 | speed= 1,437 sps | loss=0.147083 | val=0.142989 | lr=5.50e-05
2026-07-02 11:50:54 | n6_b2p2_lion | samples=    600,576 | speed= 1,437 sps | loss=0.140344 | val=0.133851 | lr=6.40e-05
2026-07-02 11:52:06 | n6_b2p2_lion | samples=    700,672 | speed= 1,399 sps | loss=0.131088 | val=0.124744 | lr=7.30e-05
2026-07-02 11:53:16 | n6_b2p2_lion | samples=    800,768 | speed= 1,434 sps | loss=0.123482 | val=0.118051 | lr=8.21e-05
2026-07-02 11:54:25 | n6_b2p2_lion | samples=    900,864 | speed= 1,434 sps | loss=0.117678 | val=0.112704 | lr=9.11e-05
2026-07-02 11:55:36 | n6_b2p2_lion | samples=  1,000,960 | speed= 1,425 sps | loss=0.113155 | val=0.108838 | lr=1.02e-04
2026-07-02 11:56:46 | n6_b2p2_lion | samples=  1,101,056 | speed= 1,428 sps | loss=0.110626 | val=0.106906 | lr=1.15e-04
2026-07-02 11:57:56 | n6_b2p2_lion | samples=  1,201,152 | speed= 1,431 sps | loss=0.108577 | val=0.105147 | lr=1.28e-04
2026-07-02 11:59:06 | n6_b2p2_lion | samples=  1,301,248 | speed= 1,427 sps | loss=0.107083 | val=0.103716 | lr=1.37e-04
2026-07-02 12:00:18 | n6_b2p2_lion | samples=  1,401,344 | speed= 1,380 sps | loss=0.105660 | val=0.102292 | lr=1.47e-04
2026-07-02 12:01:28 | n6_b2p2_lion | samples=  1,501,440 | speed= 1,431 sps | loss=0.104187 | val=0.100718 | lr=1.55e-04
2026-07-02 12:02:39 | n6_b2p2_lion | samples=  1,601,536 | speed= 1,427 sps | loss=0.103123 | val=0.099711 | lr=1.69e-04
2026-07-02 12:03:49 | n6_b2p2_lion | samples=  1,701,632 | speed= 1,426 sps | loss=0.101821 | val=0.098248 | lr=1.75e-04
2026-07-02 12:04:59 | n6_b2p2_lion | samples=  1,801,728 | speed= 1,418 sps | loss=0.100542 | val=0.096820 | lr=1.82e-04
2026-07-02 12:06:39 | n6_b2p2_lion | samples=  1,901,824 | speed= 1,006 sps | loss=0.099247 | val=0.095435 | lr=1.83e-04
2026-07-02 12:07:46 | n6_b2p2_lion | samples=  2,001,920 | speed= 1,478 sps | loss=0.098044 | val=0.094396 | lr=1.97e-04
2026-07-02 12:08:56 | n6_b2p2_lion | samples=  2,102,016 | speed= 1,442 sps | loss=0.097048 | val=0.093483 | lr=2.07e-04
2026-07-02 12:10:06 | n6_b2p2_lion | samples=  2,202,112 | speed= 1,432 sps | loss=0.096031 | val=0.092276 | lr=2.17e-04
2026-07-02 12:11:16 | n6_b2p2_lion | samples=  2,302,208 | speed= 1,425 sps | loss=0.095008 | val=0.091136 | lr=2.24e-04
2026-07-02 12:12:28 | n6_b2p2_lion | samples=  2,402,304 | speed= 1,389 sps | loss=0.093891 | val=0.090042 | lr=2.38e-04
2026-07-02 12:13:38 | n6_b2p2_lion | samples=  2,502,400 | speed= 1,430 sps | loss=0.092939 | val=0.089065 | lr=2.52e-04
2026-07-02 12:14:48 | n6_b2p2_lion | samples=  2,602,496 | speed= 1,428 sps | loss=0.091913 | val=0.087729 | lr=2.55e-04
2026-07-02 12:15:58 | n6_b2p2_lion | samples=  2,702,592 | speed= 1,429 sps | loss=0.090865 | val=0.086875 | lr=2.76e-04
2026-07-02 12:17:09 | n6_b2p2_lion | samples=  2,802,688 | speed= 1,414 sps | loss=0.090018 | val=0.086123 | lr=2.90e-04
2026-07-02 12:18:19 | n6_b2p2_lion | samples=  2,902,784 | speed= 1,426 sps | loss=0.088951 | val=0.084735 | lr=3.08e-04
2026-07-02 12:19:29 | n6_b2p2_lion | samples=  3,002,880 | speed= 1,430 sps | loss=0.087995 | val=0.083810 | lr=3.20e-04
2026-07-02 12:20:42 | n6_b2p2_lion | samples=  3,102,976 | speed= 1,378 sps | loss=0.086959 | val=0.083164 | lr=3.37e-04
2026-07-02 12:21:52 | n6_b2p2_lion | samples=  3,203,072 | speed= 1,426 sps | loss=0.086128 | val=0.082236 | lr=3.50e-04
2026-07-02 12:23:03 | n6_b2p2_lion | samples=  3,303,168 | speed= 1,417 sps | loss=0.085067 | val=0.080844 | lr=3.65e-04
2026-07-02 12:24:13 | n6_b2p2_lion | samples=  3,403,264 | speed= 1,433 sps | loss=0.084114 | val=0.080316 | lr=3.83e-04
2026-07-02 12:25:23 | n6_b2p2_lion | samples=  3,503,360 | speed= 1,426 sps | loss=0.083304 | val=0.079212 | lr=3.91e-04
2026-07-02 12:26:33 | n6_b2p2_lion | samples=  3,603,456 | speed= 1,420 sps | loss=0.082298 | val=0.078008 | lr=4.03e-04
2026-07-02 12:27:43 | n6_b2p2_lion | samples=  3,703,552 | speed= 1,430 sps | loss=0.081362 | val=0.077724 | lr=4.19e-04
2026-07-02 12:28:53 | n6_b2p2_lion | samples=  3,803,648 | speed= 1,426 sps | loss=0.080491 | val=0.076264 | lr=4.32e-04
2026-07-02 12:30:04 | n6_b2p2_lion | samples=  3,903,744 | speed= 1,428 sps | loss=0.079469 | val=0.073772 | lr=3.30e-04
2026-07-02 12:31:14 | n6_b2p2_lion | samples=  4,003,840 | speed= 1,429 sps | loss=0.076980 | val=0.072224 | lr=3.58e-04
2026-07-02 12:32:53 | n6_b2p2_lion | samples=  4,103,936 | speed= 1,005 sps | loss=0.076104 | val=0.071362 | lr=3.72e-04
2026-07-02 12:34:01 | n6_b2p2_lion | samples=  4,204,032 | speed= 1,481 sps | loss=0.075339 | val=0.070264 | lr=3.84e-04
2026-07-02 12:35:10 | n6_b2p2_lion | samples=  4,304,128 | speed= 1,440 sps | loss=0.074406 | val=0.067813 | lr=2.99e-04
2026-07-02 12:36:20 | n6_b2p2_lion | samples=  4,404,224 | speed= 1,430 sps | loss=0.072268 | val=0.066600 | lr=3.11e-04
2026-07-02 12:37:30 | n6_b2p2_lion | samples=  4,504,320 | speed= 1,430 sps | loss=0.071532 | val=0.065540 | lr=3.24e-04
2026-07-02 12:38:40 | n6_b2p2_lion | samples=  4,604,416 | speed= 1,431 sps | loss=0.070916 | val=0.065448 | lr=3.37e-04
2026-07-02 12:39:45 | n6_b2p2_lion | samples=  4,704,512 | speed= 1,551 sps | loss=0.070576 | val=0.065495 | lr=3.44e-04
2026-07-02 12:40:56 | n6_b2p2_lion | samples=  4,804,608 | speed= 1,412 sps | loss=0.070102 | val=0.064546 | lr=3.47e-04
2026-07-02 12:42:06 | n6_b2p2_lion | samples=  4,904,704 | speed= 1,427 sps | loss=0.069555 | val=0.063685 | lr=3.54e-04
2026-07-02 12:43:16 | n6_b2p2_lion | samples=  5,004,800 | speed= 1,429 sps | loss=0.069145 | val=0.063072 | lr=3.58e-04
2026-07-02 12:44:21 | n6_b2p2_lion | samples=  5,104,896 | speed= 1,545 sps | loss=0.068771 | val=0.063128 | lr=3.73e-04
2026-07-02 12:45:32 | n6_b2p2_lion | samples=  5,204,992 | speed= 1,409 sps | loss=0.068418 | val=0.062482 | lr=3.80e-04
2026-07-02 12:46:44 | n6_b2p2_lion | samples=  5,305,088 | speed= 1,390 sps | loss=0.068020 | val=0.062155 | lr=3.88e-04
2026-07-02 12:47:54 | n6_b2p2_lion | samples=  5,405,184 | speed= 1,428 sps | loss=0.067583 | val=0.061748 | lr=3.88e-04
2026-07-02 12:49:04 | n6_b2p2_lion | samples=  5,505,280 | speed= 1,428 sps | loss=0.066024 | val=0.059528 | lr=3.06e-04
2026-07-02 12:50:14 | n6_b2p2_lion | samples=  5,605,376 | speed= 1,429 sps | loss=0.065410 | val=0.058969 | lr=3.12e-04
2026-07-02 12:51:24 | n6_b2p2_lion | samples=  5,705,472 | speed= 1,422 sps | loss=0.065008 | val=0.058636 | lr=3.15e-04
2026-07-02 12:52:34 | n6_b2p2_lion | samples=  5,805,568 | speed= 1,432 sps | loss=0.064016 | val=0.056626 | lr=2.48e-04
2026-07-02 12:53:45 | n6_b2p2_lion | samples=  5,905,664 | speed= 1,413 sps | loss=0.063134 | val=0.056647 | lr=2.56e-04
2026-07-02 12:54:56 | n6_b2p2_lion | samples=  6,005,760 | speed= 1,404 sps | loss=0.062786 | val=0.056050 | lr=2.58e-04
2026-07-02 12:56:02 | n6_b2p2_lion | samples=  6,105,856 | speed= 1,531 sps | loss=0.062483 | val=0.056441 | lr=2.66e-04
2026-07-02 12:57:16 | n6_b2p2_lion | samples=  6,205,952 | speed= 1,355 sps | loss=0.062413 | val=0.055925 | lr=2.69e-04
2026-07-02 12:58:25 | n6_b2p2_lion | samples=  6,306,048 | speed= 1,432 sps | loss=0.062233 | val=0.055809 | lr=2.74e-04
2026-07-02 12:59:31 | n6_b2p2_lion | samples=  6,406,144 | speed= 1,537 sps | loss=0.062010 | val=0.058589 | lr=2.77e-04
2026-07-02 13:00:36 | n6_b2p2_lion | samples=  6,506,240 | speed= 1,538 sps | loss=0.078218 | val=0.078055 | lr=2.08e-04
2026-07-02 13:01:41 | n6_b2p2_lion | samples=  6,606,336 | speed= 1,531 sps | loss=0.074036 | val=0.061719 | lr=1.56e-04
2026-07-02 13:02:46 | n6_b2p2_lion | samples=  6,706,432 | speed= 1,530 sps | loss=0.066358 | val=0.058042 | lr=1.17e-04
2026-07-02 13:03:52 | n6_b2p2_lion | samples=  6,806,528 | speed= 1,531 sps | loss=0.063842 | val=0.056227 | lr=1.17e-04
2026-07-02 13:05:04 | n6_b2p2_lion | samples=  6,906,624 | speed= 1,390 sps | loss=0.062448 | val=0.054933 | lr=8.76e-05
2026-07-02 13:06:14 | n6_b2p2_lion | samples=  7,006,720 | speed= 1,427 sps | loss=0.061524 | val=0.054235 | lr=8.85e-05
2026-07-02 13:07:24 | n6_b2p2_lion | samples=  7,106,816 | speed= 1,423 sps | loss=0.061033 | val=0.053753 | lr=9.21e-05
2026-07-02 13:08:35 | n6_b2p2_lion | samples=  7,206,912 | speed= 1,424 sps | loss=0.060614 | val=0.053328 | lr=9.39e-05
2026-07-02 13:09:45 | n6_b2p2_lion | samples=  7,307,008 | speed= 1,421 sps | loss=0.060220 | val=0.053031 | lr=9.68e-05
2026-07-02 13:10:55 | n6_b2p2_lion | samples=  7,407,104 | speed= 1,424 sps | loss=0.059902 | val=0.052622 | lr=9.87e-05
2026-07-02 13:12:06 | n6_b2p2_lion | samples=  7,507,200 | speed= 1,424 sps | loss=0.059600 | val=0.052219 | lr=7.40e-05
2026-07-02 13:13:16 | n6_b2p2_lion | samples=  7,607,296 | speed= 1,423 sps | loss=0.058995 | val=0.051738 | lr=7.55e-05
2026-07-02 13:14:28 | n6_b2p2_lion | samples=  7,707,392 | speed= 1,382 sps | loss=0.058719 | val=0.051315 | lr=5.66e-05
2026-07-02 13:15:39 | n6_b2p2_lion | samples=  7,807,488 | speed= 1,424 sps | loss=0.058286 | val=0.050851 | lr=5.78e-05
2026-07-02 13:16:49 | n6_b2p2_lion | samples=  7,907,584 | speed= 1,424 sps | loss=0.057934 | val=0.050592 | lr=5.84e-05
2026-07-02 13:18:00 | n6_b2p2_lion | samples=  8,007,680 | speed= 1,419 sps | loss=0.057666 | val=0.050405 | lr=5.89e-05
2026-07-02 13:19:10 | n6_b2p2_lion | samples=  8,107,776 | speed= 1,425 sps | loss=0.057443 | val=0.050159 | lr=5.95e-05
2026-07-02 13:20:50 | n6_b2p2_lion | samples=  8,207,872 | speed= 1,004 sps | loss=0.057215 | val=0.049717 | lr=4.51e-05
2026-07-02 13:21:57 | n6_b2p2_lion | samples=  8,307,968 | speed= 1,480 sps | loss=0.056828 | val=0.049488 | lr=4.60e-05
2026-07-02 13:23:01 | n6_b2p2_lion | samples=  8,408,064 | speed= 1,566 sps | loss=0.057158 | val=0.049497 | lr=4.65e-05
2026-07-02 13:24:12 | n6_b2p2_lion | samples=  8,508,160 | speed= 1,419 sps | loss=0.056447 | val=0.049115 | lr=4.74e-05
2026-07-02 13:25:22 | n6_b2p2_lion | samples=  8,608,256 | speed= 1,424 sps | loss=0.056231 | val=0.048968 | lr=4.74e-05
2026-07-02 13:26:32 | n6_b2p2_lion | samples=  8,708,352 | speed= 1,428 sps | loss=0.056058 | val=0.048745 | lr=4.88e-05
2026-07-02 13:27:44 | n6_b2p2_lion | samples=  8,808,448 | speed= 1,382 sps | loss=0.055930 | val=0.048569 | lr=4.88e-05
2026-07-02 13:28:55 | n6_b2p2_lion | samples=  8,908,544 | speed= 1,428 sps | loss=0.055753 | val=0.048320 | lr=3.66e-05
2026-07-02 13:30:05 | n6_b2p2_lion | samples=  9,008,640 | speed= 1,426 sps | loss=0.055427 | val=0.048148 | lr=3.74e-05
2026-07-02 13:31:15 | n6_b2p2_lion | samples=  9,108,736 | speed= 1,419 sps | loss=0.055334 | val=0.047998 | lr=3.77e-05
2026-07-02 13:32:26 | n6_b2p2_lion | samples=  9,208,832 | speed= 1,424 sps | loss=0.055157 | val=0.047727 | lr=2.83e-05
2026-07-02 13:33:36 | n6_b2p2_lion | samples=  9,308,928 | speed= 1,425 sps | loss=0.054950 | val=0.047590 | lr=2.86e-05
2026-07-02 13:34:46 | n6_b2p2_lion | samples=  9,409,024 | speed= 1,425 sps | loss=0.054796 | val=0.047483 | lr=2.89e-05
2026-07-02 13:36:34 | n6_b2p2_lion | samples=  9,509,120 | speed=   928 sps | loss=0.054781 | val=0.047373 | lr=2.92e-05
2026-07-02 13:37:42 | n6_b2p2_lion | samples=  9,609,216 | speed= 1,481 sps | loss=0.054714 | val=0.047236 | lr=2.19e-05
2026-07-02 13:38:51 | n6_b2p2_lion | samples=  9,709,312 | speed= 1,440 sps | loss=0.054496 | val=0.047165 | lr=2.23e-05
2026-07-02 13:40:02 | n6_b2p2_lion | samples=  9,809,408 | speed= 1,405 sps | loss=0.054341 | val=0.047005 | lr=2.25e-05
2026-07-02 13:41:12 | n6_b2p2_lion | samples=  9,909,504 | speed= 1,429 sps | loss=0.054276 | val=0.046894 | lr=1.69e-05
2026-07-02 13:42:17 | n6_b2p2_lion | samples= 10,009,600 | speed= 1,543 sps | loss=0.054335 | val=0.047396 | lr=1.71e-05
2026-07-02 13:43:29 | n6_b2p2_lion | samples= 10,109,696 | speed= 1,401 sps | loss=0.054879 | val=0.046871 | lr=1.71e-05
2026-07-02 13:44:39 | n6_b2p2_lion | samples= 10,209,792 | speed= 1,419 sps | loss=0.054180 | val=0.046746 | lr=1.29e-05
