2026-07-03 10:14:03 | n6_s128_lion | samples=    100,096 | speed=     0 sps | loss=0.301434 | val=0.156336 | lr=1.45e-05
2026-07-03 10:15:28 | n6_s128_lion | samples=    200,192 | speed= 1,177 sps | loss=0.142175 | val=0.130121 | lr=1.90e-05
2026-07-03 10:16:36 | n6_s128_lion | samples=    300,288 | speed= 1,478 sps | loss=0.126425 | val=0.120907 | lr=2.35e-05
2026-07-03 10:17:44 | n6_s128_lion | samples=    400,384 | speed= 1,469 sps | loss=0.120046 | val=0.116316 | lr=2.80e-05
2026-07-03 10:18:52 | n6_s128_lion | samples=    500,480 | speed= 1,466 sps | loss=0.116401 | val=0.113438 | lr=3.25e-05
2026-07-03 10:20:01 | n6_s128_lion | samples=    600,576 | speed= 1,463 sps | loss=0.114137 | val=0.111658 | lr=3.70e-05
2026-07-03 10:21:09 | n6_s128_lion | samples=    700,672 | speed= 1,462 sps | loss=0.112536 | val=0.110109 | lr=4.15e-05
2026-07-03 10:22:20 | n6_s128_lion | samples=    800,768 | speed= 1,421 sps | loss=0.111041 | val=0.108625 | lr=4.60e-05
2026-07-03 10:23:28 | n6_s128_lion | samples=    900,864 | speed= 1,460 sps | loss=0.109519 | val=0.107052 | lr=5.05e-05
2026-07-03 10:24:37 | n6_s128_lion | samples=  1,000,960 | speed= 1,459 sps | loss=0.107922 | val=0.105317 | lr=5.50e-05
2026-07-03 10:25:45 | n6_s128_lion | samples=  1,101,056 | speed= 1,459 sps | loss=0.106219 | val=0.103644 | lr=5.95e-05
2026-07-03 10:26:54 | n6_s128_lion | samples=  1,201,152 | speed= 1,458 sps | loss=0.104656 | val=0.102056 | lr=6.41e-05
2026-07-03 10:28:03 | n6_s128_lion | samples=  1,301,248 | speed= 1,456 sps | loss=0.103161 | val=0.100508 | lr=6.86e-05
2026-07-03 10:29:12 | n6_s128_lion | samples=  1,401,344 | speed= 1,457 sps | loss=0.101500 | val=0.098650 | lr=7.31e-05
2026-07-03 10:30:20 | n6_s128_lion | samples=  1,501,440 | speed= 1,457 sps | loss=0.099635 | val=0.096591 | lr=7.76e-05
2026-07-03 10:31:29 | n6_s128_lion | samples=  1,601,536 | speed= 1,457 sps | loss=0.097507 | val=0.094106 | lr=8.21e-05
2026-07-03 10:32:38 | n6_s128_lion | samples=  1,701,632 | speed= 1,456 sps | loss=0.094955 | val=0.091403 | lr=8.66e-05
2026-07-03 10:33:48 | n6_s128_lion | samples=  1,801,728 | speed= 1,416 sps | loss=0.092433 | val=0.088946 | lr=9.11e-05
2026-07-03 10:34:57 | n6_s128_lion | samples=  1,901,824 | speed= 1,455 sps | loss=0.090135 | val=0.086483 | lr=9.56e-05
2026-07-03 10:36:06 | n6_s128_lion | samples=  2,001,920 | speed= 1,453 sps | loss=0.088028 | val=0.084417 | lr=1.02e-04
2026-07-03 10:37:15 | n6_s128_lion | samples=  2,102,016 | speed= 1,455 sps | loss=0.086476 | val=0.083084 | lr=1.12e-04
2026-07-03 10:38:24 | n6_s128_lion | samples=  2,202,112 | speed= 1,452 sps | loss=0.084929 | val=0.081333 | lr=1.16e-04
2026-07-03 10:39:33 | n6_s128_lion | samples=  2,302,208 | speed= 1,454 sps | loss=0.083499 | val=0.079971 | lr=1.24e-04
2026-07-03 10:40:42 | n6_s128_lion | samples=  2,402,304 | speed= 1,452 sps | loss=0.082335 | val=0.078840 | lr=1.33e-04
2026-07-03 10:41:54 | n6_s128_lion | samples=  2,502,400 | speed= 1,385 sps | loss=0.081164 | val=0.077579 | lr=1.42e-04
2026-07-03 10:43:03 | n6_s128_lion | samples=  2,602,496 | speed= 1,454 sps | loss=0.079918 | val=0.076207 | lr=1.47e-04
2026-07-03 10:44:11 | n6_s128_lion | samples=  2,702,592 | speed= 1,456 sps | loss=0.078615 | val=0.075006 | lr=1.55e-04
2026-07-03 10:45:20 | n6_s128_lion | samples=  2,802,688 | speed= 1,454 sps | loss=0.077411 | val=0.073689 | lr=1.63e-04
2026-07-03 10:46:29 | n6_s128_lion | samples=  2,902,784 | speed= 1,453 sps | loss=0.076331 | val=0.072882 | lr=1.75e-04
2026-07-03 10:48:18 | n6_s128_lion | samples=  3,002,880 | speed=   920 sps | loss=0.075398 | val=0.071646 | lr=1.80e-04
2026-07-03 10:49:26 | n6_s128_lion | samples=  3,102,976 | speed= 1,472 sps | loss=0.074294 | val=0.070528 | lr=1.89e-04
2026-07-03 10:50:35 | n6_s128_lion | samples=  3,203,072 | speed= 1,461 sps | loss=0.073155 | val=0.069445 | lr=1.97e-04
2026-07-03 10:51:43 | n6_s128_lion | samples=  3,303,168 | speed= 1,458 sps | loss=0.072122 | val=0.068346 | lr=2.07e-04
2026-07-03 10:52:52 | n6_s128_lion | samples=  3,403,264 | speed= 1,455 sps | loss=0.071123 | val=0.067346 | lr=2.13e-04
2026-07-03 10:54:03 | n6_s128_lion | samples=  3,503,360 | speed= 1,408 sps | loss=0.070082 | val=0.066246 | lr=2.26e-04
2026-07-03 10:55:12 | n6_s128_lion | samples=  3,603,456 | speed= 1,454 sps | loss=0.069025 | val=0.065286 | lr=2.38e-04
2026-07-03 10:56:21 | n6_s128_lion | samples=  3,703,552 | speed= 1,452 sps | loss=0.068079 | val=0.064433 | lr=2.47e-04
2026-07-03 10:57:30 | n6_s128_lion | samples=  3,803,648 | speed= 1,452 sps | loss=0.067065 | val=0.063282 | lr=2.63e-04
2026-07-03 10:58:39 | n6_s128_lion | samples=  3,903,744 | speed= 1,453 sps | loss=0.065959 | val=0.061933 | lr=2.73e-04
2026-07-03 10:59:48 | n6_s128_lion | samples=  4,003,840 | speed= 1,449 sps | loss=0.064828 | val=0.060862 | lr=2.81e-04
2026-07-03 11:00:57 | n6_s128_lion | samples=  4,103,936 | speed= 1,452 sps | loss=0.063632 | val=0.059811 | lr=3.05e-04
2026-07-03 11:02:06 | n6_s128_lion | samples=  4,204,032 | speed= 1,451 sps | loss=0.062703 | val=0.058667 | lr=3.20e-04
2026-07-03 11:03:15 | n6_s128_lion | samples=  4,304,128 | speed= 1,451 sps | loss=0.061712 | val=0.057777 | lr=3.40e-04
2026-07-03 11:04:24 | n6_s128_lion | samples=  4,404,224 | speed= 1,444 sps | loss=0.060591 | val=0.056800 | lr=3.57e-04
2026-07-03 11:05:35 | n6_s128_lion | samples=  4,504,320 | speed= 1,417 sps | loss=0.059665 | val=0.055930 | lr=3.79e-04
2026-07-03 11:06:44 | n6_s128_lion | samples=  4,604,416 | speed= 1,452 sps | loss=0.058953 | val=0.055356 | lr=3.99e-04
2026-07-03 11:07:53 | n6_s128_lion | samples=  4,704,512 | speed= 1,451 sps | loss=0.057995 | val=0.054244 | lr=4.11e-04
2026-07-03 11:09:02 | n6_s128_lion | samples=  4,804,608 | speed= 1,440 sps | loss=0.057078 | val=0.053689 | lr=4.27e-04
2026-07-03 11:10:12 | n6_s128_lion | samples=  4,904,704 | speed= 1,433 sps | loss=0.056188 | val=0.052930 | lr=4.40e-04
2026-07-03 11:11:22 | n6_s128_lion | samples=  5,004,800 | speed= 1,437 sps | loss=0.055373 | val=0.052228 | lr=4.63e-04
2026-07-03 11:12:31 | n6_s128_lion | samples=  5,104,896 | speed= 1,439 sps | loss=0.054610 | val=0.051088 | lr=4.72e-04
2026-07-03 11:13:43 | n6_s128_lion | samples=  5,204,992 | speed= 1,387 sps | loss=0.053802 | val=0.050550 | lr=4.91e-04
2026-07-03 11:14:52 | n6_s128_lion | samples=  5,305,088 | speed= 1,450 sps | loss=0.053164 | val=0.049920 | lr=5.06e-04
2026-07-03 11:16:02 | n6_s128_lion | samples=  5,405,184 | speed= 1,440 sps | loss=0.052406 | val=0.048615 | lr=5.11e-04
2026-07-03 11:17:06 | n6_s128_lion | samples=  5,505,280 | speed= 1,569 sps | loss=0.051704 | val=0.048759 | lr=5.16e-04
2026-07-03 11:18:16 | n6_s128_lion | samples=  5,605,376 | speed= 1,423 sps | loss=0.051094 | val=0.047507 | lr=5.32e-04
2026-07-03 11:19:20 | n6_s128_lion | samples=  5,705,472 | speed= 1,566 sps | loss=0.050407 | val=0.047771 | lr=5.37e-04
2026-07-03 11:20:30 | n6_s128_lion | samples=  5,805,568 | speed= 1,423 sps | loss=0.049086 | val=0.044447 | lr=4.41e-04
2026-07-03 11:21:40 | n6_s128_lion | samples=  5,905,664 | speed= 1,430 sps | loss=0.047416 | val=0.043389 | lr=4.54e-04
2026-07-03 11:22:49 | n6_s128_lion | samples=  6,005,760 | speed= 1,446 sps | loss=0.046825 | val=0.042937 | lr=4.63e-04
2026-07-03 11:23:59 | n6_s128_lion | samples=  6,105,856 | speed= 1,441 sps | loss=0.046412 | val=0.041986 | lr=4.68e-04
2026-07-03 11:25:09 | n6_s128_lion | samples=  6,205,952 | speed= 1,433 sps | loss=0.044892 | val=0.039543 | lr=3.73e-04
2026-07-03 11:26:18 | n6_s128_lion | samples=  6,306,048 | speed= 1,439 sps | loss=0.043724 | val=0.038887 | lr=3.88e-04
2026-07-03 11:27:30 | n6_s128_lion | samples=  6,406,144 | speed= 1,399 sps | loss=0.043487 | val=0.038651 | lr=3.95e-04
2026-07-03 11:28:34 | n6_s128_lion | samples=  6,506,240 | speed= 1,571 sps | loss=0.043135 | val=0.038932 | lr=4.03e-04
2026-07-03 11:29:44 | n6_s128_lion | samples=  6,606,336 | speed= 1,429 sps | loss=0.042918 | val=0.038033 | lr=4.07e-04
2026-07-03 11:30:54 | n6_s128_lion | samples=  6,706,432 | speed= 1,433 sps | loss=0.042575 | val=0.037714 | lr=4.16e-04
2026-07-03 11:32:03 | n6_s128_lion | samples=  6,806,528 | speed= 1,436 sps | loss=0.042377 | val=0.037631 | lr=4.20e-04
2026-07-03 11:33:13 | n6_s128_lion | samples=  6,906,624 | speed= 1,432 sps | loss=0.041428 | val=0.035375 | lr=3.34e-04
2026-07-03 11:34:23 | n6_s128_lion | samples=  7,006,720 | speed= 1,434 sps | loss=0.040194 | val=0.034474 | lr=3.41e-04
2026-07-03 11:35:33 | n6_s128_lion | samples=  7,106,816 | speed= 1,433 sps | loss=0.039545 | val=0.032896 | lr=2.63e-04
2026-07-03 11:36:45 | n6_s128_lion | samples=  7,206,912 | speed= 1,394 sps | loss=0.038365 | val=0.032757 | lr=2.66e-04
2026-07-03 11:37:54 | n6_s128_lion | samples=  7,307,008 | speed= 1,448 sps | loss=0.037926 | val=0.032098 | lr=2.71e-04
2026-07-03 11:39:04 | n6_s128_lion | samples=  7,407,104 | speed= 1,428 sps | loss=0.037695 | val=0.031934 | lr=2.74e-04
2026-07-03 11:40:13 | n6_s128_lion | samples=  7,507,200 | speed= 1,441 sps | loss=0.037521 | val=0.031673 | lr=2.80e-04
2026-07-03 11:41:23 | n6_s128_lion | samples=  7,607,296 | speed= 1,438 sps | loss=0.037079 | val=0.030322 | lr=2.12e-04
2026-07-03 11:42:33 | n6_s128_lion | samples=  7,707,392 | speed= 1,433 sps | loss=0.035950 | val=0.029939 | lr=2.23e-04
2026-07-03 11:43:42 | n6_s128_lion | samples=  7,807,488 | speed= 1,441 sps | loss=0.035843 | val=0.029730 | lr=2.25e-04
2026-07-03 11:44:52 | n6_s128_lion | samples=  7,907,584 | speed= 1,437 sps | loss=0.035587 | val=0.029451 | lr=1.69e-04
2026-07-03 11:46:02 | n6_s128_lion | samples=  8,007,680 | speed= 1,431 sps | loss=0.034702 | val=0.028214 | lr=1.74e-04
2026-07-03 11:47:12 | n6_s128_lion | samples=  8,107,776 | speed= 1,434 sps | loss=0.034253 | val=0.027992 | lr=1.77e-04
2026-07-03 11:48:23 | n6_s128_lion | samples=  8,207,872 | speed= 1,398 sps | loss=0.033983 | val=0.027763 | lr=1.79e-04
2026-07-03 11:49:32 | n6_s128_lion | samples=  8,307,968 | speed= 1,451 sps | loss=0.033808 | val=0.026918 | lr=1.34e-04
2026-07-03 11:50:42 | n6_s128_lion | samples=  8,408,064 | speed= 1,442 sps | loss=0.033049 | val=0.026617 | lr=1.38e-04
2026-07-03 11:51:51 | n6_s128_lion | samples=  8,508,160 | speed= 1,444 sps | loss=0.032790 | val=0.026396 | lr=1.41e-04
2026-07-03 11:53:01 | n6_s128_lion | samples=  8,608,256 | speed= 1,436 sps | loss=0.032673 | val=0.025810 | lr=1.06e-04
2026-07-03 11:54:10 | n6_s128_lion | samples=  8,708,352 | speed= 1,442 sps | loss=0.032083 | val=0.025373 | lr=1.09e-04
2026-07-03 11:55:20 | n6_s128_lion | samples=  8,808,448 | speed= 1,435 sps | loss=0.031843 | val=0.025321 | lr=1.13e-04
2026-07-03 11:56:32 | n6_s128_lion | samples=  8,908,544 | speed= 1,380 sps | loss=0.031682 | val=0.025027 | lr=8.51e-05
2026-07-03 11:57:42 | n6_s128_lion | samples=  9,008,640 | speed= 1,438 sps | loss=0.031146 | val=0.024537 | lr=8.68e-05
2026-07-03 11:58:52 | n6_s128_lion | samples=  9,108,736 | speed= 1,434 sps | loss=0.030919 | val=0.024378 | lr=8.77e-05
2026-07-03 12:00:02 | n6_s128_lion | samples=  9,208,832 | speed= 1,430 sps | loss=0.030793 | val=0.024053 | lr=6.58e-05
2026-07-03 12:01:13 | n6_s128_lion | samples=  9,308,928 | speed= 1,402 sps | loss=0.030369 | val=0.023765 | lr=6.78e-05
2026-07-03 12:02:19 | n6_s128_lion | samples=  9,409,024 | speed= 1,530 sps | loss=0.030300 | val=0.024008 | lr=6.78e-05
2026-07-03 12:03:59 | n6_s128_lion | samples=  9,509,120 | speed= 1,000 sps | loss=0.030077 | val=0.023300 | lr=5.13e-05
2026-07-03 12:05:07 | n6_s128_lion | samples=  9,609,216 | speed= 1,464 sps | loss=0.029726 | val=0.023117 | lr=5.18e-05
2026-07-03 12:06:16 | n6_s128_lion | samples=  9,709,312 | speed= 1,455 sps | loss=0.029620 | val=0.023056 | lr=5.29e-05
2026-07-03 12:07:25 | n6_s128_lion | samples=  9,809,408 | speed= 1,448 sps | loss=0.029615 | val=0.022834 | lr=3.97e-05
2026-07-03 12:08:35 | n6_s128_lion | samples=  9,909,504 | speed= 1,430 sps | loss=0.029271 | val=0.022665 | lr=4.09e-05
2026-07-03 12:09:47 | n6_s128_lion | samples= 10,009,600 | speed= 1,384 sps | loss=0.029132 | val=0.022595 | lr=4.13e-05
2026-07-03 12:10:57 | n6_s128_lion | samples= 10,109,696 | speed= 1,437 sps | loss=0.029067 | val=0.022355 | lr=3.16e-05
2026-07-03 12:12:07 | n6_s128_lion | samples= 10,209,792 | speed= 1,426 sps | loss=0.028807 | val=0.022255 | lr=3.19e-05
2026-07-03 12:13:17 | n6_s128_lion | samples= 10,309,888 | speed= 1,429 sps | loss=0.028752 | val=0.022189 | lr=3.22e-05
2026-07-03 12:14:27 | n6_s128_lion | samples= 10,409,984 | speed= 1,434 sps | loss=0.028613 | val=0.022034 | lr=2.44e-05
2026-07-03 12:15:37 | n6_s128_lion | samples= 10,510,080 | speed= 1,432 sps | loss=0.028511 | val=0.021894 | lr=1.83e-05
2026-07-03 12:16:47 | n6_s128_lion | samples= 10,610,176 | speed= 1,425 sps | loss=0.028263 | val=0.021785 | lr=1.83e-05
2026-07-03 12:17:57 | n6_s128_lion | samples= 10,710,272 | speed= 1,424 sps | loss=0.028190 | val=0.021685 | lr=1.39e-05
2026-07-03 12:19:08 | n6_s128_lion | samples= 10,810,368 | speed= 1,423 sps | loss=0.028102 | val=0.021622 | lr=1.40e-05
2026-07-03 12:20:18 | n6_s128_lion | samples= 10,910,464 | speed= 1,426 sps | loss=0.028111 | val=0.021583 | lr=1.41e-05
2026-07-03 12:21:58 | n6_s128_lion | samples= 11,010,560 | speed= 1,001 sps | loss=0.028047 | val=0.021525 | lr=1.06e-05
2026-07-03 12:23:06 | n6_s128_lion | samples= 11,110,656 | speed= 1,462 sps | loss=0.027943 | val=0.021470 | lr=1.06e-05
2026-07-03 12:24:15 | n6_s128_lion | samples= 11,210,752 | speed= 1,452 sps | loss=0.027774 | val=0.021383 | lr=7.95e-06
2026-07-03 12:25:24 | n6_s128_lion | samples= 11,310,848 | speed= 1,450 sps | loss=0.027725 | val=0.021331 | lr=5.97e-06
2026-07-03 12:26:34 | n6_s128_lion | samples= 11,410,944 | speed= 1,430 sps | loss=0.027730 | val=0.021265 | lr=4.47e-06
2026-07-03 12:27:39 | n6_s128_lion | samples= 11,511,040 | speed= 1,555 sps | loss=0.027665 | val=0.021278 | lr=4.56e-06
2026-07-03 12:28:49 | n6_s128_lion | samples= 11,611,136 | speed= 1,422 sps | loss=0.027653 | val=0.021233 | lr=3.42e-06
2026-07-03 12:29:59 | n6_s128_lion | samples= 11,711,232 | speed= 1,431 sps | loss=0.027625 | val=0.021221 | lr=3.42e-06
2026-07-03 12:31:11 | n6_s128_lion | samples= 11,811,328 | speed= 1,389 sps | loss=0.027627 | val=0.021202 | lr=2.57e-06
2026-07-03 12:32:21 | n6_s128_lion | samples= 11,911,424 | speed= 1,439 sps | loss=0.027532 | val=0.021173 | lr=1.93e-06
2026-07-03 12:33:31 | n6_s128_lion | samples= 12,011,520 | speed= 1,430 sps | loss=0.027547 | val=0.021141 | lr=1.44e-06
2026-07-03 12:34:41 | n6_s128_lion | samples= 12,111,616 | speed= 1,426 sps | loss=0.027582 | val=0.021135 | lr=1.08e-06
2026-07-03 12:35:51 | n6_s128_lion | samples= 12,211,712 | speed= 1,428 sps | loss=0.027528 | val=0.021134 | lr=1.08e-06
2026-07-03 12:36:56 | n6_s128_lion | samples= 12,311,808 | speed= 1,553 sps | loss=0.028939 | val=0.023135 | lr=1.03e-04
2026-07-03 12:38:00 | n6_s128_lion | samples= 12,411,904 | speed= 1,546 sps | loss=0.029855 | val=0.022839 | lr=7.73e-05
2026-07-03 12:39:05 | n6_s128_lion | samples= 12,512,000 | speed= 1,543 sps | loss=0.029433 | val=0.022546 | lr=5.80e-05
2026-07-03 12:40:10 | n6_s128_lion | samples= 12,612,096 | speed= 1,537 sps | loss=0.029074 | val=0.022304 | lr=5.80e-05
2026-07-03 12:41:15 | n6_s128_lion | samples= 12,712,192 | speed= 1,541 sps | loss=0.028799 | val=0.021998 | lr=4.35e-05
2026-07-03 12:42:20 | n6_s128_lion | samples= 12,812,288 | speed= 1,541 sps | loss=0.028410 | val=0.021672 | lr=3.29e-05
2026-07-03 12:43:25 | n6_s128_lion | samples= 12,912,384 | speed= 1,548 sps | loss=0.028209 | val=0.021509 | lr=2.47e-05
2026-07-03 12:44:29 | n6_s128_lion | samples= 13,012,480 | speed= 1,552 sps | loss=0.027937 | val=0.021347 | lr=2.49e-05
2026-07-03 12:45:34 | n6_s128_lion | samples= 13,112,576 | speed= 1,547 sps | loss=0.027850 | val=0.021276 | lr=2.54e-05
2026-07-03 12:46:39 | n6_s128_lion | samples= 13,212,672 | speed= 1,548 sps | loss=0.027828 | val=0.021177 | lr=1.91e-05
2026-07-03 12:47:49 | n6_s128_lion | samples= 13,312,768 | speed= 1,423 sps | loss=0.027709 | val=0.021080 | lr=1.91e-05
2026-07-03 12:48:59 | n6_s128_lion | samples= 13,412,864 | speed= 1,424 sps | loss=0.027490 | val=0.020943 | lr=1.45e-05
2026-07-03 12:50:09 | n6_s128_lion | samples= 13,512,960 | speed= 1,429 sps | loss=0.027471 | val=0.020886 | lr=1.08e-05
2026-07-03 12:51:49 | n6_s128_lion | samples= 13,613,056 | speed= 1,002 sps | loss=0.027342 | val=0.020815 | lr=1.08e-05
2026-07-03 12:52:58 | n6_s128_lion | samples= 13,713,152 | speed= 1,466 sps | loss=0.027252 | val=0.020734 | lr=8.29e-06
2026-07-03 12:54:08 | n6_s128_lion | samples= 13,813,248 | speed= 1,412 sps | loss=0.027303 | val=0.020694 | lr=8.29e-06
2026-07-03 12:55:17 | n6_s128_lion | samples= 13,913,344 | speed= 1,455 sps | loss=0.027156 | val=0.020650 | lr=6.28e-06
2026-07-03 12:56:27 | n6_s128_lion | samples= 14,013,440 | speed= 1,430 sps | loss=0.027073 | val=0.020630 | lr=4.71e-06
2026-07-03 12:57:37 | n6_s128_lion | samples= 14,113,536 | speed= 1,432 sps | loss=0.027182 | val=0.020592 | lr=4.71e-06
2026-07-03 12:58:47 | n6_s128_lion | samples= 14,213,632 | speed= 1,430 sps | loss=0.026973 | val=0.020552 | lr=3.57e-06
2026-07-03 12:59:57 | n6_s128_lion | samples= 14,313,728 | speed= 1,430 sps | loss=0.027008 | val=0.020526 | lr=2.68e-06
2026-07-03 13:01:07 | n6_s128_lion | samples= 14,413,824 | speed= 1,425 sps | loss=0.026937 | val=0.020504 | lr=2.01e-06
2026-07-03 13:02:17 | n6_s128_lion | samples= 14,513,920 | speed= 1,435 sps | loss=0.026928 | val=0.020472 | lr=2.03e-06
