2026-07-04 07:47:28 | sweep_n5 | epoch=  0.00 | samples=    100,096 | speed=     0 sps | loss=0.271920 | lr=2.80e-05
2026-07-04 07:48:38 | sweep_n5 | epoch=  0.00 | samples=    200,192 | speed= 1,423 sps | loss=0.213429 | lr=4.60e-05
2026-07-04 07:49:43 | sweep_n5 | epoch=  0.01 | samples=    300,288 | speed= 1,547 sps | loss=0.212038 | lr=6.40e-05
2026-07-04 07:50:54 | sweep_n5 | epoch=  0.01 | samples=    400,384 | speed= 1,416 sps | loss=0.207611 | lr=8.21e-05
2026-07-04 07:52:34 | sweep_n5 | epoch=  0.01 | samples=    500,480 | speed= 1,001 sps | loss=0.203676 | lr=1.02e-04
2026-07-04 07:53:44 | sweep_n5 | epoch=  0.01 | samples=    600,576 | speed= 1,425 sps | loss=0.198983 | lr=1.22e-04
2026-07-04 07:54:54 | sweep_n5 | epoch=  0.01 | samples=    700,672 | speed= 1,420 sps | loss=0.193544 | lr=1.43e-04
2026-07-04 07:56:05 | sweep_n5 | epoch=  0.02 | samples=    800,768 | speed= 1,413 sps | loss=0.191240 | lr=1.50e-04
2026-07-04 07:57:16 | sweep_n5 | epoch=  0.02 | samples=    900,864 | speed= 1,409 sps | loss=0.188631 | lr=1.75e-04
2026-07-04 07:58:29 | sweep_n5 | epoch=  0.02 | samples=  1,000,960 | speed= 1,373 sps | loss=0.185546 | lr=1.93e-04
2026-07-04 07:59:40 | sweep_n5 | epoch=  0.02 | samples=  1,101,056 | speed= 1,413 sps | loss=0.183258 | lr=2.05e-04
2026-07-04 08:00:51 | sweep_n5 | epoch=  0.02 | samples=  1,201,152 | speed= 1,413 sps | loss=0.182524 | lr=2.15e-04
2026-07-04 08:02:02 | sweep_n5 | epoch=  0.03 | samples=  1,301,248 | speed= 1,407 sps | loss=0.180122 | lr=2.35e-04
2026-07-04 08:03:07 | sweep_n5 | epoch=  0.03 | samples=  1,401,344 | speed= 1,532 sps | loss=0.180332 | lr=2.38e-04
2026-07-04 08:04:13 | sweep_n5 | epoch=  0.03 | samples=  1,501,440 | speed= 1,530 sps | loss=0.184910 | lr=1.78e-04
2026-07-04 08:05:24 | sweep_n5 | epoch=  0.03 | samples=  1,601,536 | speed= 1,405 sps | loss=0.180047 | lr=1.35e-04
2026-07-04 08:06:29 | sweep_n5 | epoch=  0.03 | samples=  1,701,632 | speed= 1,528 sps | loss=0.178027 | lr=1.41e-04
2026-07-04 08:08:11 | sweep_n5 | epoch=  0.04 | samples=  1,801,728 | speed=   988 sps | loss=0.176549 | lr=1.52e-04
2026-07-04 08:09:16 | sweep_n5 | epoch=  0.04 | samples=  1,901,824 | speed= 1,545 sps | loss=0.176169 | lr=1.54e-04
2026-07-04 08:10:21 | sweep_n5 | epoch=  0.04 | samples=  2,001,920 | speed= 1,534 sps | loss=0.181208 | lr=1.15e-04
2026-07-04 08:11:32 | sweep_n5 | epoch=  0.04 | samples=  2,102,016 | speed= 1,408 sps | loss=0.175043 | lr=1.21e-04
2026-07-04 08:12:37 | sweep_n5 | epoch=  0.04 | samples=  2,202,112 | speed= 1,530 sps | loss=0.174365 | lr=1.24e-04
2026-07-04 08:13:49 | sweep_n5 | epoch=  0.05 | samples=  2,302,208 | speed= 1,405 sps | loss=0.173766 | lr=9.55e-05
2026-07-04 08:15:00 | sweep_n5 | epoch=  0.05 | samples=  2,402,304 | speed= 1,405 sps | loss=0.171991 | lr=1.04e-04
2026-07-04 08:16:11 | sweep_n5 | epoch=  0.05 | samples=  2,502,400 | speed= 1,406 sps | loss=0.170940 | lr=1.10e-04
2026-07-04 08:17:17 | sweep_n5 | epoch=  0.05 | samples=  2,602,496 | speed= 1,528 sps | loss=0.180531 | lr=1.11e-04
2026-07-04 08:18:22 | sweep_n5 | epoch=  0.05 | samples=  2,702,592 | speed= 1,526 sps | loss=0.175446 | lr=8.31e-05
2026-07-04 08:19:28 | sweep_n5 | epoch=  0.06 | samples=  2,802,688 | speed= 1,525 sps | loss=0.173155 | lr=6.24e-05
2026-07-04 08:20:34 | sweep_n5 | epoch=  0.06 | samples=  2,902,784 | speed= 1,523 sps | loss=0.172394 | lr=4.68e-05
2026-07-04 08:21:39 | sweep_n5 | epoch=  0.06 | samples=  3,002,880 | speed= 1,522 sps | loss=0.171461 | lr=4.68e-05
2026-07-04 08:22:45 | sweep_n5 | epoch=  0.06 | samples=  3,102,976 | speed= 1,521 sps | loss=0.170856 | lr=3.51e-05
2026-07-04 08:23:51 | sweep_n5 | epoch=  0.06 | samples=  3,203,072 | speed= 1,511 sps | loss=0.170353 | lr=2.68e-05
2026-07-04 08:25:05 | sweep_n5 | epoch=  0.07 | samples=  3,303,168 | speed= 1,363 sps | loss=0.169804 | lr=2.76e-05
2026-07-04 08:26:10 | sweep_n5 | epoch=  0.07 | samples=  3,403,264 | speed= 1,526 sps | loss=0.169420 | lr=2.76e-05
2026-07-04 08:27:22 | sweep_n5 | epoch=  0.07 | samples=  3,503,360 | speed= 1,398 sps | loss=0.169154 | lr=2.79e-05
2026-07-04 08:28:33 | sweep_n5 | epoch=  0.07 | samples=  3,603,456 | speed= 1,401 sps | loss=0.169027 | lr=2.09e-05
2026-07-04 08:29:45 | sweep_n5 | epoch=  0.07 | samples=  3,703,552 | speed= 1,404 sps | loss=0.168781 | lr=2.12e-05
2026-07-04 08:30:50 | sweep_n5 | epoch=  0.08 | samples=  3,803,648 | speed= 1,527 sps | loss=0.168408 | lr=2.16e-05
2026-07-04 08:32:02 | sweep_n5 | epoch=  0.08 | samples=  3,903,744 | speed= 1,399 sps | loss=0.168157 | lr=2.16e-05
2026-07-04 08:33:07 | sweep_n5 | epoch=  0.08 | samples=  4,003,840 | speed= 1,525 sps | loss=0.167976 | lr=1.62e-05
2026-07-04 08:34:13 | sweep_n5 | epoch=  0.08 | samples=  4,103,936 | speed= 1,522 sps | loss=0.167825 | lr=1.21e-05
2026-07-04 08:35:20 | sweep_n5 | epoch=  0.08 | samples=  4,204,032 | speed= 1,510 sps | loss=0.167623 | lr=1.24e-05
2026-07-04 08:36:32 | sweep_n5 | epoch=  0.09 | samples=  4,304,128 | speed= 1,376 sps | loss=0.167516 | lr=9.29e-06
2026-07-04 08:37:38 | sweep_n5 | epoch=  0.09 | samples=  4,404,224 | speed= 1,524 sps | loss=0.167328 | lr=9.29e-06
2026-07-04 08:38:49 | sweep_n5 | epoch=  0.09 | samples=  4,504,320 | speed= 1,403 sps | loss=0.167294 | lr=9.47e-06
2026-07-04 08:40:03 | sweep_n5 | epoch=  0.09 | samples=  4,604,416 | speed= 1,355 sps | loss=0.167244 | lr=7.10e-06
2026-07-04 08:41:14 | sweep_n5 | epoch=  0.09 | samples=  4,704,512 | speed= 1,405 sps | loss=0.167102 | lr=7.18e-06
2026-07-04 08:42:20 | sweep_n5 | epoch=  0.10 | samples=  4,804,608 | speed= 1,525 sps | loss=0.167058 | lr=7.25e-06
2026-07-04 08:43:32 | sweep_n5 | epoch=  0.10 | samples=  4,904,704 | speed= 1,399 sps | loss=0.167017 | lr=5.54e-06
2026-07-04 08:44:37 | sweep_n5 | epoch=  0.10 | samples=  5,004,800 | speed= 1,524 sps | loss=0.166922 | lr=5.54e-06
2026-07-04 08:45:43 | sweep_n5 | epoch=  0.10 | samples=  5,104,896 | speed= 1,516 sps | loss=0.166869 | lr=4.16e-06
2026-07-04 08:46:49 | sweep_n5 | epoch=  0.10 | samples=  5,204,992 | speed= 1,512 sps | loss=0.166842 | lr=3.12e-06
2026-07-04 08:48:02 | sweep_n5 | epoch=  0.11 | samples=  5,305,088 | speed= 1,381 sps | loss=0.166763 | lr=2.34e-06
2026-07-04 08:49:13 | sweep_n5 | epoch=  0.11 | samples=  5,405,184 | speed= 1,402 sps | loss=0.166745 | lr=1.77e-06
2026-07-04 08:50:19 | sweep_n5 | epoch=  0.11 | samples=  5,505,280 | speed= 1,524 sps | loss=0.166761 | lr=1.79e-06
2026-07-04 08:51:25 | sweep_n5 | epoch=  0.11 | samples=  5,605,376 | speed= 1,515 sps | loss=0.166703 | lr=1.36e-06
2026-07-04 08:52:32 | sweep_n5 | epoch=  0.11 | samples=  5,705,472 | speed= 1,498 sps | loss=0.166709 | lr=1.36e-06
2026-07-04 08:53:38 | sweep_n5 | epoch=  0.12 | samples=  5,805,568 | speed= 1,509 sps | loss=0.166606 | lr=1.02e-06
2026-07-04 08:54:45 | sweep_n5 | epoch=  0.12 | samples=  5,905,664 | speed= 1,501 sps | loss=0.167499 | lr=1.04e-04
2026-07-04 08:55:51 | sweep_n5 | epoch=  0.12 | samples=  6,005,760 | speed= 1,505 sps | loss=0.168058 | lr=1.05e-04
2026-07-04 08:56:58 | sweep_n5 | epoch=  0.12 | samples=  6,105,856 | speed= 1,504 sps | loss=0.167807 | lr=1.08e-04
2026-07-04 08:58:04 | sweep_n5 | epoch=  0.12 | samples=  6,205,952 | speed= 1,504 sps | loss=0.167618 | lr=1.09e-04
2026-07-04 08:59:11 | sweep_n5 | epoch=  0.13 | samples=  6,306,048 | speed= 1,504 sps | loss=0.169917 | lr=1.15e-04
2026-07-04 09:00:18 | sweep_n5 | epoch=  0.13 | samples=  6,406,144 | speed= 1,504 sps | loss=0.170315 | lr=8.62e-05
2026-07-04 09:01:30 | sweep_n5 | epoch=  0.13 | samples=  6,506,240 | speed= 1,385 sps | loss=0.167180 | lr=9.06e-05
2026-07-04 09:02:41 | sweep_n5 | epoch=  0.13 | samples=  6,606,336 | speed= 1,401 sps | loss=0.165577 | lr=9.71e-05
2026-07-04 09:03:47 | sweep_n5 | epoch=  0.13 | samples=  6,706,432 | speed= 1,524 sps | loss=0.165091 | lr=9.91e-05
2026-07-04 09:04:59 | sweep_n5 | epoch=  0.14 | samples=  6,806,528 | speed= 1,386 sps | loss=0.164414 | lr=1.02e-04
2026-07-04 09:06:05 | sweep_n5 | epoch=  0.14 | samples=  6,906,624 | speed= 1,523 sps | loss=0.164152 | lr=1.06e-04
2026-07-04 09:07:12 | sweep_n5 | epoch=  0.14 | samples=  7,006,720 | speed= 1,503 sps | loss=0.163710 | lr=1.08e-04
2026-07-04 09:08:18 | sweep_n5 | epoch=  0.14 | samples=  7,106,816 | speed= 1,505 sps | loss=0.164926 | lr=1.08e-04
2026-07-04 09:09:31 | sweep_n5 | epoch=  0.14 | samples=  7,206,912 | speed= 1,379 sps | loss=0.163205 | lr=8.37e-05
2026-07-04 09:10:42 | sweep_n5 | epoch=  0.15 | samples=  7,307,008 | speed= 1,399 sps | loss=0.162015 | lr=8.63e-05
2026-07-04 09:11:48 | sweep_n5 | epoch=  0.15 | samples=  7,407,104 | speed= 1,523 sps | loss=0.161527 | lr=8.89e-05
2026-07-04 09:12:54 | sweep_n5 | epoch=  0.15 | samples=  7,507,200 | speed= 1,508 sps | loss=0.161025 | lr=9.16e-05
2026-07-04 09:14:01 | sweep_n5 | epoch=  0.15 | samples=  7,607,296 | speed= 1,502 sps | loss=0.160759 | lr=9.25e-05
2026-07-04 09:15:08 | sweep_n5 | epoch=  0.15 | samples=  7,707,392 | speed= 1,499 sps | loss=0.160225 | lr=9.53e-05
2026-07-04 09:16:22 | sweep_n5 | epoch=  0.16 | samples=  7,807,488 | speed= 1,340 sps | loss=0.159859 | lr=9.63e-05
2026-07-04 09:17:28 | sweep_n5 | epoch=  0.16 | samples=  7,907,584 | speed= 1,523 sps | loss=0.159314 | lr=7.44e-05
2026-07-04 09:18:35 | sweep_n5 | epoch=  0.16 | samples=  8,007,680 | speed= 1,503 sps | loss=0.158766 | lr=7.51e-05
2026-07-04 09:19:47 | sweep_n5 | epoch=  0.16 | samples=  8,107,776 | speed= 1,387 sps | loss=0.158488 | lr=7.74e-05
2026-07-04 09:20:53 | sweep_n5 | epoch=  0.16 | samples=  8,207,872 | speed= 1,522 sps | loss=0.158167 | lr=7.82e-05
2026-07-04 09:21:59 | sweep_n5 | epoch=  0.17 | samples=  8,307,968 | speed= 1,499 sps | loss=0.158101 | lr=5.86e-05
2026-07-04 09:23:06 | sweep_n5 | epoch=  0.17 | samples=  8,408,064 | speed= 1,503 sps | loss=0.157481 | lr=5.92e-05
2026-07-04 09:24:13 | sweep_n5 | epoch=  0.17 | samples=  8,508,160 | speed= 1,506 sps | loss=0.157436 | lr=4.49e-05
2026-07-04 09:25:19 | sweep_n5 | epoch=  0.17 | samples=  8,608,256 | speed= 1,507 sps | loss=0.156799 | lr=4.53e-05
2026-07-04 09:26:26 | sweep_n5 | epoch=  0.17 | samples=  8,708,352 | speed= 1,498 sps | loss=0.156483 | lr=4.58e-05
2026-07-04 09:27:32 | sweep_n5 | epoch=  0.18 | samples=  8,808,448 | speed= 1,505 sps | loss=0.156211 | lr=3.43e-05
2026-07-04 09:28:39 | sweep_n5 | epoch=  0.18 | samples=  8,908,544 | speed= 1,504 sps | loss=0.155723 | lr=3.47e-05
2026-07-04 09:29:46 | sweep_n5 | epoch=  0.18 | samples=  9,008,640 | speed= 1,501 sps | loss=0.155526 | lr=2.63e-05
2026-07-04 09:30:52 | sweep_n5 | epoch=  0.18 | samples=  9,108,736 | speed= 1,514 sps | loss=0.155331 | lr=2.68e-05
2026-07-04 09:31:58 | sweep_n5 | epoch=  0.18 | samples=  9,208,832 | speed= 1,510 sps | loss=0.155229 | lr=2.01e-05
2026-07-04 09:33:04 | sweep_n5 | epoch=  0.19 | samples=  9,308,928 | speed= 1,519 sps | loss=0.154974 | lr=2.03e-05
2026-07-04 09:34:11 | sweep_n5 | epoch=  0.19 | samples=  9,409,024 | speed= 1,502 sps | loss=0.154772 | lr=1.52e-05
2026-07-04 09:35:17 | sweep_n5 | epoch=  0.19 | samples=  9,509,120 | speed= 1,502 sps | loss=0.154646 | lr=1.54e-05
2026-07-04 09:36:24 | sweep_n5 | epoch=  0.19 | samples=  9,609,216 | speed= 1,503 sps | loss=0.154500 | lr=1.15e-05
2026-07-04 09:37:30 | sweep_n5 | epoch=  0.19 | samples=  9,709,312 | speed= 1,503 sps | loss=0.154410 | lr=1.16e-05
2026-07-04 09:38:37 | sweep_n5 | epoch=  0.20 | samples=  9,809,408 | speed= 1,502 sps | loss=0.154238 | lr=8.73e-06
2026-07-04 09:39:44 | sweep_n5 | epoch=  0.20 | samples=  9,909,504 | speed= 1,502 sps | loss=0.154164 | lr=8.82e-06
2026-07-04 09:40:45 | sweep_n5 | epoch=  0.20 | samples= 10,000,128 | speed= 1,482 sps | loss=0.154122 | lr=6.61e-06
